Archive member included to satisfy reference by file (symbol)

/usr/lib/gcc/arm-none-eabi/4.8/../../../arm-none-eabi/lib/armv7-ar/thumb/libc.a(lib_a-puts.o)
                              app/main.o (puts)
/usr/lib/gcc/arm-none-eabi/4.8/../../../arm-none-eabi/lib/armv7-ar/thumb/libc.a(lib_a-strlen.o)
                              /usr/lib/gcc/arm-none-eabi/4.8/../../../arm-none-eabi/lib/armv7-ar/thumb/libc.a(lib_a-puts.o) (strlen)
/usr/lib/gcc/arm-none-eabi/4.8/../../../arm-none-eabi/lib/armv7-ar/thumb/libc.a(lib_a-fvwrite.o)
                              /usr/lib/gcc/arm-none-eabi/4.8/../../../arm-none-eabi/lib/armv7-ar/thumb/libc.a(lib_a-puts.o) (__sfvwrite_r)
/usr/lib/gcc/arm-none-eabi/4.8/../../../arm-none-eabi/lib/armv7-ar/thumb/libc.a(lib_a-impure.o)
                              /usr/lib/gcc/arm-none-eabi/4.8/../../../arm-none-eabi/lib/armv7-ar/thumb/libc.a(lib_a-puts.o) (_impure_ptr)
/usr/lib/gcc/arm-none-eabi/4.8/../../../arm-none-eabi/lib/armv7-ar/thumb/libc.a(lib_a-mallocr.o)
                              /usr/lib/gcc/arm-none-eabi/4.8/../../../arm-none-eabi/lib/armv7-ar/thumb/libc.a(lib_a-fvwrite.o) (_malloc_r)
/usr/lib/gcc/arm-none-eabi/4.8/../../../arm-none-eabi/lib/armv7-ar/thumb/libc.a(lib_a-memchr-stub.o)
                              /usr/lib/gcc/arm-none-eabi/4.8/../../../arm-none-eabi/lib/armv7-ar/thumb/libc.a(lib_a-fvwrite.o) (memchr)
/usr/lib/gcc/arm-none-eabi/4.8/../../../arm-none-eabi/lib/armv7-ar/thumb/libc.a(lib_a-memcpy-stub.o)
                              /usr/lib/gcc/arm-none-eabi/4.8/../../../arm-none-eabi/lib/armv7-ar/thumb/libc.a(lib_a-fvwrite.o) (memcpy)
/usr/lib/gcc/arm-none-eabi/4.8/../../../arm-none-eabi/lib/armv7-ar/thumb/libc.a(lib_a-memmove.o)
                              /usr/lib/gcc/arm-none-eabi/4.8/../../../arm-none-eabi/lib/armv7-ar/thumb/libc.a(lib_a-fvwrite.o) (memmove)
/usr/lib/gcc/arm-none-eabi/4.8/../../../arm-none-eabi/lib/armv7-ar/thumb/libc.a(lib_a-mlock.o)
                              /usr/lib/gcc/arm-none-eabi/4.8/../../../arm-none-eabi/lib/armv7-ar/thumb/libc.a(lib_a-mallocr.o) (__malloc_lock)
/usr/lib/gcc/arm-none-eabi/4.8/../../../arm-none-eabi/lib/armv7-ar/thumb/libc.a(lib_a-reallocr.o)
                              /usr/lib/gcc/arm-none-eabi/4.8/../../../arm-none-eabi/lib/armv7-ar/thumb/libc.a(lib_a-fvwrite.o) (_realloc_r)
/usr/lib/gcc/arm-none-eabi/4.8/../../../arm-none-eabi/lib/armv7-ar/thumb/libc.a(lib_a-sbrkr.o)
                              /usr/lib/gcc/arm-none-eabi/4.8/../../../arm-none-eabi/lib/armv7-ar/thumb/libc.a(lib_a-mallocr.o) (_sbrk_r)
/usr/lib/gcc/arm-none-eabi/4.8/../../../arm-none-eabi/lib/armv7-ar/thumb/libc.a(lib_a-wsetup.o)
                              /usr/lib/gcc/arm-none-eabi/4.8/../../../arm-none-eabi/lib/armv7-ar/thumb/libc.a(lib_a-fvwrite.o) (__swsetup_r)
/usr/lib/gcc/arm-none-eabi/4.8/../../../arm-none-eabi/lib/armv7-ar/thumb/libc.a(lib_a-fflush.o)
                              /usr/lib/gcc/arm-none-eabi/4.8/../../../arm-none-eabi/lib/armv7-ar/thumb/libc.a(lib_a-fvwrite.o) (_fflush_r)
/usr/lib/gcc/arm-none-eabi/4.8/../../../arm-none-eabi/lib/armv7-ar/thumb/libc.a(lib_a-findfp.o)
                              /usr/lib/gcc/arm-none-eabi/4.8/../../../arm-none-eabi/lib/armv7-ar/thumb/libc.a(lib_a-wsetup.o) (__sinit)
/usr/lib/gcc/arm-none-eabi/4.8/../../../arm-none-eabi/lib/armv7-ar/thumb/libc.a(lib_a-freer.o)
                              /usr/lib/gcc/arm-none-eabi/4.8/../../../arm-none-eabi/lib/armv7-ar/thumb/libc.a(lib_a-fvwrite.o) (_free_r)
/usr/lib/gcc/arm-none-eabi/4.8/../../../arm-none-eabi/lib/armv7-ar/thumb/libc.a(lib_a-fwalk.o)
                              /usr/lib/gcc/arm-none-eabi/4.8/../../../arm-none-eabi/lib/armv7-ar/thumb/libc.a(lib_a-findfp.o) (_fwalk)
/usr/lib/gcc/arm-none-eabi/4.8/../../../arm-none-eabi/lib/armv7-ar/thumb/libc.a(lib_a-makebuf.o)
                              /usr/lib/gcc/arm-none-eabi/4.8/../../../arm-none-eabi/lib/armv7-ar/thumb/libc.a(lib_a-wsetup.o) (__smakebuf_r)
/usr/lib/gcc/arm-none-eabi/4.8/../../../arm-none-eabi/lib/armv7-ar/thumb/libc.a(lib_a-memset.o)
                              /usr/lib/gcc/arm-none-eabi/4.8/../../../arm-none-eabi/lib/armv7-ar/thumb/libc.a(lib_a-findfp.o) (memset)
/usr/lib/gcc/arm-none-eabi/4.8/../../../arm-none-eabi/lib/armv7-ar/thumb/libc.a(lib_a-reent.o)
                              /usr/lib/gcc/arm-none-eabi/4.8/../../../arm-none-eabi/lib/armv7-ar/thumb/libc.a(lib_a-sbrkr.o) (errno)
/usr/lib/gcc/arm-none-eabi/4.8/../../../arm-none-eabi/lib/armv7-ar/thumb/libc.a(lib_a-stdio.o)
                              /usr/lib/gcc/arm-none-eabi/4.8/../../../arm-none-eabi/lib/armv7-ar/thumb/libc.a(lib_a-findfp.o) (__sread)
/usr/lib/gcc/arm-none-eabi/4.8/../../../arm-none-eabi/lib/armv7-ar/thumb/libc.a(lib_a-writer.o)
                              /usr/lib/gcc/arm-none-eabi/4.8/../../../arm-none-eabi/lib/armv7-ar/thumb/libc.a(lib_a-stdio.o) (_write_r)
/usr/lib/gcc/arm-none-eabi/4.8/../../../arm-none-eabi/lib/armv7-ar/thumb/libc.a(lib_a-closer.o)
                              /usr/lib/gcc/arm-none-eabi/4.8/../../../arm-none-eabi/lib/armv7-ar/thumb/libc.a(lib_a-stdio.o) (_close_r)
/usr/lib/gcc/arm-none-eabi/4.8/../../../arm-none-eabi/lib/armv7-ar/thumb/libc.a(lib_a-fclose.o)
                              /usr/lib/gcc/arm-none-eabi/4.8/../../../arm-none-eabi/lib/armv7-ar/thumb/libc.a(lib_a-findfp.o) (_fclose_r)
/usr/lib/gcc/arm-none-eabi/4.8/../../../arm-none-eabi/lib/armv7-ar/thumb/libc.a(lib_a-fstatr.o)
                              /usr/lib/gcc/arm-none-eabi/4.8/../../../arm-none-eabi/lib/armv7-ar/thumb/libc.a(lib_a-makebuf.o) (_fstat_r)
/usr/lib/gcc/arm-none-eabi/4.8/../../../arm-none-eabi/lib/armv7-ar/thumb/libc.a(lib_a-isattyr.o)
                              /usr/lib/gcc/arm-none-eabi/4.8/../../../arm-none-eabi/lib/armv7-ar/thumb/libc.a(lib_a-makebuf.o) (_isatty_r)
/usr/lib/gcc/arm-none-eabi/4.8/../../../arm-none-eabi/lib/armv7-ar/thumb/libc.a(lib_a-lseekr.o)
                              /usr/lib/gcc/arm-none-eabi/4.8/../../../arm-none-eabi/lib/armv7-ar/thumb/libc.a(lib_a-stdio.o) (_lseek_r)
/usr/lib/gcc/arm-none-eabi/4.8/../../../arm-none-eabi/lib/armv7-ar/thumb/libc.a(lib_a-readr.o)
                              /usr/lib/gcc/arm-none-eabi/4.8/../../../arm-none-eabi/lib/armv7-ar/thumb/libc.a(lib_a-stdio.o) (_read_r)
/usr/lib/gcc/arm-none-eabi/4.8/armv7-ar/thumb/libgcc.a(_divsi3.o)
                              /usr/lib/gcc/arm-none-eabi/4.8/../../../arm-none-eabi/lib/armv7-ar/thumb/libc.a(lib_a-fvwrite.o) (__aeabi_idiv)
/usr/lib/gcc/arm-none-eabi/4.8/armv7-ar/thumb/libgcc.a(_dvmd_tls.o)
                              /usr/lib/gcc/arm-none-eabi/4.8/armv7-ar/thumb/libgcc.a(_divsi3.o) (__aeabi_idiv0)

Allocating common symbols
Common symbol       size              file

errno               0x4               /usr/lib/gcc/arm-none-eabi/4.8/../../../arm-none-eabi/lib/armv7-ar/thumb/libc.a(lib_a-reent.o)

Discarded input sections

 .text          0x00000000       0x20 app/main.o
 .data          0x00000000        0x0 app/main.o
 .bss           0x00000000        0x0 app/main.o
 .rodata        0x00000000       0x10 app/main.o
 .debug_info    0x00000000       0x8f app/main.o
 .debug_abbrev  0x00000000       0x40 app/main.o
 .debug_loc     0x00000000       0x2c app/main.o
 .debug_aranges
                0x00000000       0x20 app/main.o
 .debug_line    0x00000000       0x3c app/main.o
 .debug_str     0x00000000      0x120 app/main.o
 .comment       0x00000000       0x2e app/main.o
 .ARM.attributes
                0x00000000       0x2f app/main.o
 .debug_frame   0x00000000       0x2c app/main.o
 .text          0x00000000       0x18 build/mod1/src/mod1.o
 .data          0x00000000        0x0 build/mod1/src/mod1.o
 .bss           0x00000000        0x0 build/mod1/src/mod1.o
 .rodata        0x00000000        0x8 build/mod1/src/mod1.o
 .debug_info    0x00000000       0x56 build/mod1/src/mod1.o
 .debug_abbrev  0x00000000       0x4d build/mod1/src/mod1.o
 .debug_loc     0x00000000       0x2c build/mod1/src/mod1.o
 .debug_aranges
                0x00000000       0x20 build/mod1/src/mod1.o
 .debug_line    0x00000000       0x3f build/mod1/src/mod1.o
 .debug_str     0x00000000       0x9a build/mod1/src/mod1.o
 .comment       0x00000000       0x2e build/mod1/src/mod1.o
 .ARM.attributes
                0x00000000       0x2f build/mod1/src/mod1.o
 .debug_frame   0x00000000       0x2c build/mod1/src/mod1.o
 .text          0x00000000       0x18 build/mod2/src/mod2.o
 .data          0x00000000        0x0 build/mod2/src/mod2.o
 .bss           0x00000000        0x0 build/mod2/src/mod2.o
 .rodata        0x00000000        0x8 build/mod2/src/mod2.o
 .debug_info    0x00000000       0x56 build/mod2/src/mod2.o
 .debug_abbrev  0x00000000       0x4d build/mod2/src/mod2.o
 .debug_loc     0x00000000       0x2c build/mod2/src/mod2.o
 .debug_aranges
                0x00000000       0x20 build/mod2/src/mod2.o
 .debug_line    0x00000000       0x3f build/mod2/src/mod2.o
 .debug_str     0x00000000       0x9a build/mod2/src/mod2.o
 .comment       0x00000000       0x2e build/mod2/src/mod2.o
 .ARM.attributes
                0x00000000       0x2f build/mod2/src/mod2.o
 .debug_frame   0x00000000       0x2c build/mod2/src/mod2.o
 .text          0x00000000        0x0 /usr/lib/gcc/arm-none-eabi/4.8/../../../arm-none-eabi/lib/armv7-ar/thumb/libc.a(lib_a-puts.o)
 .data          0x00000000        0x0 /usr/lib/gcc/arm-none-eabi/4.8/../../../arm-none-eabi/lib/armv7-ar/thumb/libc.a(lib_a-puts.o)
 .bss           0x00000000        0x0 /usr/lib/gcc/arm-none-eabi/4.8/../../../arm-none-eabi/lib/armv7-ar/thumb/libc.a(lib_a-puts.o)
 .text._puts_r  0x00000000       0x5c /usr/lib/gcc/arm-none-eabi/4.8/../../../arm-none-eabi/lib/armv7-ar/thumb/libc.a(lib_a-puts.o)
 .text.puts     0x00000000       0x10 /usr/lib/gcc/arm-none-eabi/4.8/../../../arm-none-eabi/lib/armv7-ar/thumb/libc.a(lib_a-puts.o)
 .rodata.str1.4
                0x00000000        0x4 /usr/lib/gcc/arm-none-eabi/4.8/../../../arm-none-eabi/lib/armv7-ar/thumb/libc.a(lib_a-puts.o)
 .debug_info    0x00000000      0xa16 /usr/lib/gcc/arm-none-eabi/4.8/../../../arm-none-eabi/lib/armv7-ar/thumb/libc.a(lib_a-puts.o)
 .debug_abbrev  0x00000000      0x235 /usr/lib/gcc/arm-none-eabi/4.8/../../../arm-none-eabi/lib/armv7-ar/thumb/libc.a(lib_a-puts.o)
 .debug_loc     0x00000000       0xed /usr/lib/gcc/arm-none-eabi/4.8/../../../arm-none-eabi/lib/armv7-ar/thumb/libc.a(lib_a-puts.o)
 .debug_aranges
                0x00000000       0x28 /usr/lib/gcc/arm-none-eabi/4.8/../../../arm-none-eabi/lib/armv7-ar/thumb/libc.a(lib_a-puts.o)
 .debug_ranges  0x00000000       0x18 /usr/lib/gcc/arm-none-eabi/4.8/../../../arm-none-eabi/lib/armv7-ar/thumb/libc.a(lib_a-puts.o)
 .debug_line    0x00000000      0x1b1 /usr/lib/gcc/arm-none-eabi/4.8/../../../arm-none-eabi/lib/armv7-ar/thumb/libc.a(lib_a-puts.o)
 .debug_str     0x00000000      0x5e4 /usr/lib/gcc/arm-none-eabi/4.8/../../../arm-none-eabi/lib/armv7-ar/thumb/libc.a(lib_a-puts.o)
 .comment       0x00000000       0x2c /usr/lib/gcc/arm-none-eabi/4.8/../../../arm-none-eabi/lib/armv7-ar/thumb/libc.a(lib_a-puts.o)
 .ARM.attributes
                0x00000000       0x29 /usr/lib/gcc/arm-none-eabi/4.8/../../../arm-none-eabi/lib/armv7-ar/thumb/libc.a(lib_a-puts.o)
 .debug_frame   0x00000000       0x40 /usr/lib/gcc/arm-none-eabi/4.8/../../../arm-none-eabi/lib/armv7-ar/thumb/libc.a(lib_a-puts.o)
 .text          0x00000000        0x0 /usr/lib/gcc/arm-none-eabi/4.8/../../../arm-none-eabi/lib/armv7-ar/thumb/libc.a(lib_a-strlen.o)
 .data          0x00000000        0x0 /usr/lib/gcc/arm-none-eabi/4.8/../../../arm-none-eabi/lib/armv7-ar/thumb/libc.a(lib_a-strlen.o)
 .bss           0x00000000        0x0 /usr/lib/gcc/arm-none-eabi/4.8/../../../arm-none-eabi/lib/armv7-ar/thumb/libc.a(lib_a-strlen.o)
 .text.strlen   0x00000000       0x5c /usr/lib/gcc/arm-none-eabi/4.8/../../../arm-none-eabi/lib/armv7-ar/thumb/libc.a(lib_a-strlen.o)
 .debug_info    0x00000000       0xb5 /usr/lib/gcc/arm-none-eabi/4.8/../../../arm-none-eabi/lib/armv7-ar/thumb/libc.a(lib_a-strlen.o)
 .debug_abbrev  0x00000000       0x70 /usr/lib/gcc/arm-none-eabi/4.8/../../../arm-none-eabi/lib/armv7-ar/thumb/libc.a(lib_a-strlen.o)
 .debug_loc     0x00000000       0x21 /usr/lib/gcc/arm-none-eabi/4.8/../../../arm-none-eabi/lib/armv7-ar/thumb/libc.a(lib_a-strlen.o)
 .debug_aranges
                0x00000000       0x20 /usr/lib/gcc/arm-none-eabi/4.8/../../../arm-none-eabi/lib/armv7-ar/thumb/libc.a(lib_a-strlen.o)
 .debug_ranges  0x00000000       0x10 /usr/lib/gcc/arm-none-eabi/4.8/../../../arm-none-eabi/lib/armv7-ar/thumb/libc.a(lib_a-strlen.o)
 .debug_line    0x00000000       0xf9 /usr/lib/gcc/arm-none-eabi/4.8/../../../arm-none-eabi/lib/armv7-ar/thumb/libc.a(lib_a-strlen.o)
 .debug_str     0x00000000      0x1d1 /usr/lib/gcc/arm-none-eabi/4.8/../../../arm-none-eabi/lib/armv7-ar/thumb/libc.a(lib_a-strlen.o)
 .comment       0x00000000       0x2c /usr/lib/gcc/arm-none-eabi/4.8/../../../arm-none-eabi/lib/armv7-ar/thumb/libc.a(lib_a-strlen.o)
 .ARM.attributes
                0x00000000       0x29 /usr/lib/gcc/arm-none-eabi/4.8/../../../arm-none-eabi/lib/armv7-ar/thumb/libc.a(lib_a-strlen.o)
 .debug_frame   0x00000000       0x20 /usr/lib/gcc/arm-none-eabi/4.8/../../../arm-none-eabi/lib/armv7-ar/thumb/libc.a(lib_a-strlen.o)
 .text          0x00000000        0x0 /usr/lib/gcc/arm-none-eabi/4.8/../../../arm-none-eabi/lib/armv7-ar/thumb/libc.a(lib_a-fvwrite.o)
 .data          0x00000000        0x0 /usr/lib/gcc/arm-none-eabi/4.8/../../../arm-none-eabi/lib/armv7-ar/thumb/libc.a(lib_a-fvwrite.o)
 .bss           0x00000000        0x0 /usr/lib/gcc/arm-none-eabi/4.8/../../../arm-none-eabi/lib/armv7-ar/thumb/libc.a(lib_a-fvwrite.o)
 .text.__sfvwrite_r
                0x00000000      0x300 /usr/lib/gcc/arm-none-eabi/4.8/../../../arm-none-eabi/lib/armv7-ar/thumb/libc.a(lib_a-fvwrite.o)
 .debug_info    0x00000000      0xc53 /usr/lib/gcc/arm-none-eabi/4.8/../../../arm-none-eabi/lib/armv7-ar/thumb/libc.a(lib_a-fvwrite.o)
 .debug_abbrev  0x00000000      0x24a /usr/lib/gcc/arm-none-eabi/4.8/../../../arm-none-eabi/lib/armv7-ar/thumb/libc.a(lib_a-fvwrite.o)
 .debug_loc     0x00000000      0x56a /usr/lib/gcc/arm-none-eabi/4.8/../../../arm-none-eabi/lib/armv7-ar/thumb/libc.a(lib_a-fvwrite.o)
 .debug_aranges
                0x00000000       0x20 /usr/lib/gcc/arm-none-eabi/4.8/../../../arm-none-eabi/lib/armv7-ar/thumb/libc.a(lib_a-fvwrite.o)
 .debug_ranges  0x00000000       0x38 /usr/lib/gcc/arm-none-eabi/4.8/../../../arm-none-eabi/lib/armv7-ar/thumb/libc.a(lib_a-fvwrite.o)
 .debug_line    0x00000000      0x2d1 /usr/lib/gcc/arm-none-eabi/4.8/../../../arm-none-eabi/lib/armv7-ar/thumb/libc.a(lib_a-fvwrite.o)
 .debug_str     0x00000000      0x627 /usr/lib/gcc/arm-none-eabi/4.8/../../../arm-none-eabi/lib/armv7-ar/thumb/libc.a(lib_a-fvwrite.o)
 .comment       0x00000000       0x2c /usr/lib/gcc/arm-none-eabi/4.8/../../../arm-none-eabi/lib/armv7-ar/thumb/libc.a(lib_a-fvwrite.o)
 .ARM.attributes
                0x00000000       0x29 /usr/lib/gcc/arm-none-eabi/4.8/../../../arm-none-eabi/lib/armv7-ar/thumb/libc.a(lib_a-fvwrite.o)
 .debug_frame   0x00000000       0x38 /usr/lib/gcc/arm-none-eabi/4.8/../../../arm-none-eabi/lib/armv7-ar/thumb/libc.a(lib_a-fvwrite.o)
 .text          0x00000000        0x0 /usr/lib/gcc/arm-none-eabi/4.8/../../../arm-none-eabi/lib/armv7-ar/thumb/libc.a(lib_a-impure.o)
 .data          0x00000000        0x0 /usr/lib/gcc/arm-none-eabi/4.8/../../../arm-none-eabi/lib/armv7-ar/thumb/libc.a(lib_a-impure.o)
 .bss           0x00000000        0x0 /usr/lib/gcc/arm-none-eabi/4.8/../../../arm-none-eabi/lib/armv7-ar/thumb/libc.a(lib_a-impure.o)
 .data.impure_data
                0x00000000      0x428 /usr/lib/gcc/arm-none-eabi/4.8/../../../arm-none-eabi/lib/armv7-ar/thumb/libc.a(lib_a-impure.o)
 .data._impure_ptr
                0x00000000        0x4 /usr/lib/gcc/arm-none-eabi/4.8/../../../arm-none-eabi/lib/armv7-ar/thumb/libc.a(lib_a-impure.o)
 .rodata.str1.4
                0x00000000        0x4 /usr/lib/gcc/arm-none-eabi/4.8/../../../arm-none-eabi/lib/armv7-ar/thumb/libc.a(lib_a-impure.o)
 .rodata._global_impure_ptr
                0x00000000        0x4 /usr/lib/gcc/arm-none-eabi/4.8/../../../arm-none-eabi/lib/armv7-ar/thumb/libc.a(lib_a-impure.o)
 .debug_info    0x00000000      0x894 /usr/lib/gcc/arm-none-eabi/4.8/../../../arm-none-eabi/lib/armv7-ar/thumb/libc.a(lib_a-impure.o)
 .debug_abbrev  0x00000000      0x180 /usr/lib/gcc/arm-none-eabi/4.8/../../../arm-none-eabi/lib/armv7-ar/thumb/libc.a(lib_a-impure.o)
 .debug_aranges
                0x00000000       0x18 /usr/lib/gcc/arm-none-eabi/4.8/../../../arm-none-eabi/lib/armv7-ar/thumb/libc.a(lib_a-impure.o)
 .debug_line    0x00000000       0xf8 /usr/lib/gcc/arm-none-eabi/4.8/../../../arm-none-eabi/lib/armv7-ar/thumb/libc.a(lib_a-impure.o)
 .debug_str     0x00000000      0x595 /usr/lib/gcc/arm-none-eabi/4.8/../../../arm-none-eabi/lib/armv7-ar/thumb/libc.a(lib_a-impure.o)
 .comment       0x00000000       0x2c /usr/lib/gcc/arm-none-eabi/4.8/../../../arm-none-eabi/lib/armv7-ar/thumb/libc.a(lib_a-impure.o)
 .ARM.attributes
                0x00000000       0x29 /usr/lib/gcc/arm-none-eabi/4.8/../../../arm-none-eabi/lib/armv7-ar/thumb/libc.a(lib_a-impure.o)
 .text          0x00000000        0x0 /usr/lib/gcc/arm-none-eabi/4.8/../../../arm-none-eabi/lib/armv7-ar/thumb/libc.a(lib_a-mallocr.o)
 .data          0x00000000        0x0 /usr/lib/gcc/arm-none-eabi/4.8/../../../arm-none-eabi/lib/armv7-ar/thumb/libc.a(lib_a-mallocr.o)
 .bss           0x00000000        0x0 /usr/lib/gcc/arm-none-eabi/4.8/../../../arm-none-eabi/lib/armv7-ar/thumb/libc.a(lib_a-mallocr.o)
 .text._malloc_r
                0x00000000      0x570 /usr/lib/gcc/arm-none-eabi/4.8/../../../arm-none-eabi/lib/armv7-ar/thumb/libc.a(lib_a-mallocr.o)
 .data.__malloc_av_
                0x00000000      0x408 /usr/lib/gcc/arm-none-eabi/4.8/../../../arm-none-eabi/lib/armv7-ar/thumb/libc.a(lib_a-mallocr.o)
 .data.__malloc_trim_threshold
                0x00000000        0x4 /usr/lib/gcc/arm-none-eabi/4.8/../../../arm-none-eabi/lib/armv7-ar/thumb/libc.a(lib_a-mallocr.o)
 .bss.__malloc_max_total_mem
                0x00000000        0x4 /usr/lib/gcc/arm-none-eabi/4.8/../../../arm-none-eabi/lib/armv7-ar/thumb/libc.a(lib_a-mallocr.o)
 .bss.__malloc_max_sbrked_mem
                0x00000000        0x4 /usr/lib/gcc/arm-none-eabi/4.8/../../../arm-none-eabi/lib/armv7-ar/thumb/libc.a(lib_a-mallocr.o)
 .bss.__malloc_top_pad
                0x00000000        0x4 /usr/lib/gcc/arm-none-eabi/4.8/../../../arm-none-eabi/lib/armv7-ar/thumb/libc.a(lib_a-mallocr.o)
 .bss.__malloc_current_mallinfo
                0x00000000       0x28 /usr/lib/gcc/arm-none-eabi/4.8/../../../arm-none-eabi/lib/armv7-ar/thumb/libc.a(lib_a-mallocr.o)
 .data.__malloc_sbrk_base
                0x00000000        0x4 /usr/lib/gcc/arm-none-eabi/4.8/../../../arm-none-eabi/lib/armv7-ar/thumb/libc.a(lib_a-mallocr.o)
 .debug_info    0x00000000      0xd82 /usr/lib/gcc/arm-none-eabi/4.8/../../../arm-none-eabi/lib/armv7-ar/thumb/libc.a(lib_a-mallocr.o)
 .debug_abbrev  0x00000000      0x2a2 /usr/lib/gcc/arm-none-eabi/4.8/../../../arm-none-eabi/lib/armv7-ar/thumb/libc.a(lib_a-mallocr.o)
 .debug_loc     0x00000000      0xd9c /usr/lib/gcc/arm-none-eabi/4.8/../../../arm-none-eabi/lib/armv7-ar/thumb/libc.a(lib_a-mallocr.o)
 .debug_aranges
                0x00000000       0x20 /usr/lib/gcc/arm-none-eabi/4.8/../../../arm-none-eabi/lib/armv7-ar/thumb/libc.a(lib_a-mallocr.o)
 .debug_ranges  0x00000000       0x38 /usr/lib/gcc/arm-none-eabi/4.8/../../../arm-none-eabi/lib/armv7-ar/thumb/libc.a(lib_a-mallocr.o)
 .debug_line    0x00000000      0x384 /usr/lib/gcc/arm-none-eabi/4.8/../../../arm-none-eabi/lib/armv7-ar/thumb/libc.a(lib_a-mallocr.o)
 .debug_str     0x00000000      0x7a4 /usr/lib/gcc/arm-none-eabi/4.8/../../../arm-none-eabi/lib/armv7-ar/thumb/libc.a(lib_a-mallocr.o)
 .comment       0x00000000       0x2c /usr/lib/gcc/arm-none-eabi/4.8/../../../arm-none-eabi/lib/armv7-ar/thumb/libc.a(lib_a-mallocr.o)
 .ARM.attributes
                0x00000000       0x29 /usr/lib/gcc/arm-none-eabi/4.8/../../../arm-none-eabi/lib/armv7-ar/thumb/libc.a(lib_a-mallocr.o)
 .debug_frame   0x00000000       0x38 /usr/lib/gcc/arm-none-eabi/4.8/../../../arm-none-eabi/lib/armv7-ar/thumb/libc.a(lib_a-mallocr.o)
 .text          0x00000000        0x0 /usr/lib/gcc/arm-none-eabi/4.8/../../../arm-none-eabi/lib/armv7-ar/thumb/libc.a(lib_a-memchr-stub.o)
 .data          0x00000000        0x0 /usr/lib/gcc/arm-none-eabi/4.8/../../../arm-none-eabi/lib/armv7-ar/thumb/libc.a(lib_a-memchr-stub.o)
 .bss           0x00000000        0x0 /usr/lib/gcc/arm-none-eabi/4.8/../../../arm-none-eabi/lib/armv7-ar/thumb/libc.a(lib_a-memchr-stub.o)
 .text.memchr   0x00000000       0x90 /usr/lib/gcc/arm-none-eabi/4.8/../../../arm-none-eabi/lib/armv7-ar/thumb/libc.a(lib_a-memchr-stub.o)
 .debug_info    0x00000000      0x129 /usr/lib/gcc/arm-none-eabi/4.8/../../../arm-none-eabi/lib/armv7-ar/thumb/libc.a(lib_a-memchr-stub.o)
 .debug_abbrev  0x00000000       0xba /usr/lib/gcc/arm-none-eabi/4.8/../../../arm-none-eabi/lib/armv7-ar/thumb/libc.a(lib_a-memchr-stub.o)
 .debug_loc     0x00000000      0x17b /usr/lib/gcc/arm-none-eabi/4.8/../../../arm-none-eabi/lib/armv7-ar/thumb/libc.a(lib_a-memchr-stub.o)
 .debug_aranges
                0x00000000       0x20 /usr/lib/gcc/arm-none-eabi/4.8/../../../arm-none-eabi/lib/armv7-ar/thumb/libc.a(lib_a-memchr-stub.o)
 .debug_ranges  0x00000000       0x10 /usr/lib/gcc/arm-none-eabi/4.8/../../../arm-none-eabi/lib/armv7-ar/thumb/libc.a(lib_a-memchr-stub.o)
 .debug_line    0x00000000      0x138 /usr/lib/gcc/arm-none-eabi/4.8/../../../arm-none-eabi/lib/armv7-ar/thumb/libc.a(lib_a-memchr-stub.o)
 .debug_str     0x00000000      0x1f0 /usr/lib/gcc/arm-none-eabi/4.8/../../../arm-none-eabi/lib/armv7-ar/thumb/libc.a(lib_a-memchr-stub.o)
 .comment       0x00000000       0x2c /usr/lib/gcc/arm-none-eabi/4.8/../../../arm-none-eabi/lib/armv7-ar/thumb/libc.a(lib_a-memchr-stub.o)
 .ARM.attributes
                0x00000000       0x29 /usr/lib/gcc/arm-none-eabi/4.8/../../../arm-none-eabi/lib/armv7-ar/thumb/libc.a(lib_a-memchr-stub.o)
 .debug_frame   0x00000000       0x2c /usr/lib/gcc/arm-none-eabi/4.8/../../../arm-none-eabi/lib/armv7-ar/thumb/libc.a(lib_a-memchr-stub.o)
 .text          0x00000000        0x0 /usr/lib/gcc/arm-none-eabi/4.8/../../../arm-none-eabi/lib/armv7-ar/thumb/libc.a(lib_a-memcpy-stub.o)
 .data          0x00000000        0x0 /usr/lib/gcc/arm-none-eabi/4.8/../../../arm-none-eabi/lib/armv7-ar/thumb/libc.a(lib_a-memcpy-stub.o)
 .bss           0x00000000        0x0 /usr/lib/gcc/arm-none-eabi/4.8/../../../arm-none-eabi/lib/armv7-ar/thumb/libc.a(lib_a-memcpy-stub.o)
 .text.memcpy   0x00000000       0xa8 /usr/lib/gcc/arm-none-eabi/4.8/../../../arm-none-eabi/lib/armv7-ar/thumb/libc.a(lib_a-memcpy-stub.o)
 .debug_info    0x00000000      0x131 /usr/lib/gcc/arm-none-eabi/4.8/../../../arm-none-eabi/lib/armv7-ar/thumb/libc.a(lib_a-memcpy-stub.o)
 .debug_abbrev  0x00000000       0xab /usr/lib/gcc/arm-none-eabi/4.8/../../../arm-none-eabi/lib/armv7-ar/thumb/libc.a(lib_a-memcpy-stub.o)
 .debug_loc     0x00000000      0x1fb /usr/lib/gcc/arm-none-eabi/4.8/../../../arm-none-eabi/lib/armv7-ar/thumb/libc.a(lib_a-memcpy-stub.o)
 .debug_aranges
                0x00000000       0x20 /usr/lib/gcc/arm-none-eabi/4.8/../../../arm-none-eabi/lib/armv7-ar/thumb/libc.a(lib_a-memcpy-stub.o)
 .debug_ranges  0x00000000       0x10 /usr/lib/gcc/arm-none-eabi/4.8/../../../arm-none-eabi/lib/armv7-ar/thumb/libc.a(lib_a-memcpy-stub.o)
 .debug_line    0x00000000      0x13f /usr/lib/gcc/arm-none-eabi/4.8/../../../arm-none-eabi/lib/armv7-ar/thumb/libc.a(lib_a-memcpy-stub.o)
 .debug_str     0x00000000      0x1fd /usr/lib/gcc/arm-none-eabi/4.8/../../../arm-none-eabi/lib/armv7-ar/thumb/libc.a(lib_a-memcpy-stub.o)
 .comment       0x00000000       0x2c /usr/lib/gcc/arm-none-eabi/4.8/../../../arm-none-eabi/lib/armv7-ar/thumb/libc.a(lib_a-memcpy-stub.o)
 .ARM.attributes
                0x00000000       0x29 /usr/lib/gcc/arm-none-eabi/4.8/../../../arm-none-eabi/lib/armv7-ar/thumb/libc.a(lib_a-memcpy-stub.o)
 .debug_frame   0x00000000       0x2c /usr/lib/gcc/arm-none-eabi/4.8/../../../arm-none-eabi/lib/armv7-ar/thumb/libc.a(lib_a-memcpy-stub.o)
 .text          0x00000000        0x0 /usr/lib/gcc/arm-none-eabi/4.8/../../../arm-none-eabi/lib/armv7-ar/thumb/libc.a(lib_a-memmove.o)
 .data          0x00000000        0x0 /usr/lib/gcc/arm-none-eabi/4.8/../../../arm-none-eabi/lib/armv7-ar/thumb/libc.a(lib_a-memmove.o)
 .bss           0x00000000        0x0 /usr/lib/gcc/arm-none-eabi/4.8/../../../arm-none-eabi/lib/armv7-ar/thumb/libc.a(lib_a-memmove.o)
 .text.memmove  0x00000000       0xd0 /usr/lib/gcc/arm-none-eabi/4.8/../../../arm-none-eabi/lib/armv7-ar/thumb/libc.a(lib_a-memmove.o)
 .debug_info    0x00000000      0x131 /usr/lib/gcc/arm-none-eabi/4.8/../../../arm-none-eabi/lib/armv7-ar/thumb/libc.a(lib_a-memmove.o)
 .debug_abbrev  0x00000000       0xab /usr/lib/gcc/arm-none-eabi/4.8/../../../arm-none-eabi/lib/armv7-ar/thumb/libc.a(lib_a-memmove.o)
 .debug_loc     0x00000000      0x2ca /usr/lib/gcc/arm-none-eabi/4.8/../../../arm-none-eabi/lib/armv7-ar/thumb/libc.a(lib_a-memmove.o)
 .debug_aranges
                0x00000000       0x20 /usr/lib/gcc/arm-none-eabi/4.8/../../../arm-none-eabi/lib/armv7-ar/thumb/libc.a(lib_a-memmove.o)
 .debug_ranges  0x00000000       0x10 /usr/lib/gcc/arm-none-eabi/4.8/../../../arm-none-eabi/lib/armv7-ar/thumb/libc.a(lib_a-memmove.o)
 .debug_line    0x00000000      0x136 /usr/lib/gcc/arm-none-eabi/4.8/../../../arm-none-eabi/lib/armv7-ar/thumb/libc.a(lib_a-memmove.o)
 .debug_str     0x00000000      0x1f7 /usr/lib/gcc/arm-none-eabi/4.8/../../../arm-none-eabi/lib/armv7-ar/thumb/libc.a(lib_a-memmove.o)
 .comment       0x00000000       0x2c /usr/lib/gcc/arm-none-eabi/4.8/../../../arm-none-eabi/lib/armv7-ar/thumb/libc.a(lib_a-memmove.o)
 .ARM.attributes
                0x00000000       0x29 /usr/lib/gcc/arm-none-eabi/4.8/../../../arm-none-eabi/lib/armv7-ar/thumb/libc.a(lib_a-memmove.o)
 .debug_frame   0x00000000       0x2c /usr/lib/gcc/arm-none-eabi/4.8/../../../arm-none-eabi/lib/armv7-ar/thumb/libc.a(lib_a-memmove.o)
 .text          0x00000000        0x0 /usr/lib/gcc/arm-none-eabi/4.8/../../../arm-none-eabi/lib/armv7-ar/thumb/libc.a(lib_a-mlock.o)
 .data          0x00000000        0x0 /usr/lib/gcc/arm-none-eabi/4.8/../../../arm-none-eabi/lib/armv7-ar/thumb/libc.a(lib_a-mlock.o)
 .bss           0x00000000        0x0 /usr/lib/gcc/arm-none-eabi/4.8/../../../arm-none-eabi/lib/armv7-ar/thumb/libc.a(lib_a-mlock.o)
 .text.__malloc_lock
                0x00000000        0x4 /usr/lib/gcc/arm-none-eabi/4.8/../../../arm-none-eabi/lib/armv7-ar/thumb/libc.a(lib_a-mlock.o)
 .text.__malloc_unlock
                0x00000000        0x4 /usr/lib/gcc/arm-none-eabi/4.8/../../../arm-none-eabi/lib/armv7-ar/thumb/libc.a(lib_a-mlock.o)
 .debug_info    0x00000000      0x8b4 /usr/lib/gcc/arm-none-eabi/4.8/../../../arm-none-eabi/lib/armv7-ar/thumb/libc.a(lib_a-mlock.o)
 .debug_abbrev  0x00000000      0x19a /usr/lib/gcc/arm-none-eabi/4.8/../../../arm-none-eabi/lib/armv7-ar/thumb/libc.a(lib_a-mlock.o)
 .debug_aranges
                0x00000000       0x28 /usr/lib/gcc/arm-none-eabi/4.8/../../../arm-none-eabi/lib/armv7-ar/thumb/libc.a(lib_a-mlock.o)
 .debug_ranges  0x00000000       0x18 /usr/lib/gcc/arm-none-eabi/4.8/../../../arm-none-eabi/lib/armv7-ar/thumb/libc.a(lib_a-mlock.o)
 .debug_line    0x00000000      0x116 /usr/lib/gcc/arm-none-eabi/4.8/../../../arm-none-eabi/lib/armv7-ar/thumb/libc.a(lib_a-mlock.o)
 .debug_str     0x00000000      0x59e /usr/lib/gcc/arm-none-eabi/4.8/../../../arm-none-eabi/lib/armv7-ar/thumb/libc.a(lib_a-mlock.o)
 .comment       0x00000000       0x2c /usr/lib/gcc/arm-none-eabi/4.8/../../../arm-none-eabi/lib/armv7-ar/thumb/libc.a(lib_a-mlock.o)
 .ARM.attributes
                0x00000000       0x29 /usr/lib/gcc/arm-none-eabi/4.8/../../../arm-none-eabi/lib/armv7-ar/thumb/libc.a(lib_a-mlock.o)
 .debug_frame   0x00000000       0x30 /usr/lib/gcc/arm-none-eabi/4.8/../../../arm-none-eabi/lib/armv7-ar/thumb/libc.a(lib_a-mlock.o)
 .text          0x00000000        0x0 /usr/lib/gcc/arm-none-eabi/4.8/../../../arm-none-eabi/lib/armv7-ar/thumb/libc.a(lib_a-reallocr.o)
 .data          0x00000000        0x0 /usr/lib/gcc/arm-none-eabi/4.8/../../../arm-none-eabi/lib/armv7-ar/thumb/libc.a(lib_a-reallocr.o)
 .bss           0x00000000        0x0 /usr/lib/gcc/arm-none-eabi/4.8/../../../arm-none-eabi/lib/armv7-ar/thumb/libc.a(lib_a-reallocr.o)
 .text._realloc_r
                0x00000000      0x3e0 /usr/lib/gcc/arm-none-eabi/4.8/../../../arm-none-eabi/lib/armv7-ar/thumb/libc.a(lib_a-reallocr.o)
 .debug_info    0x00000000      0xcb0 /usr/lib/gcc/arm-none-eabi/4.8/../../../arm-none-eabi/lib/armv7-ar/thumb/libc.a(lib_a-reallocr.o)
 .debug_abbrev  0x00000000      0x26b /usr/lib/gcc/arm-none-eabi/4.8/../../../arm-none-eabi/lib/armv7-ar/thumb/libc.a(lib_a-reallocr.o)
 .debug_loc     0x00000000      0xd96 /usr/lib/gcc/arm-none-eabi/4.8/../../../arm-none-eabi/lib/armv7-ar/thumb/libc.a(lib_a-reallocr.o)
 .debug_aranges
                0x00000000       0x20 /usr/lib/gcc/arm-none-eabi/4.8/../../../arm-none-eabi/lib/armv7-ar/thumb/libc.a(lib_a-reallocr.o)
 .debug_ranges  0x00000000       0xe8 /usr/lib/gcc/arm-none-eabi/4.8/../../../arm-none-eabi/lib/armv7-ar/thumb/libc.a(lib_a-reallocr.o)
 .debug_line    0x00000000      0x250 /usr/lib/gcc/arm-none-eabi/4.8/../../../arm-none-eabi/lib/armv7-ar/thumb/libc.a(lib_a-reallocr.o)
 .debug_str     0x00000000      0x676 /usr/lib/gcc/arm-none-eabi/4.8/../../../arm-none-eabi/lib/armv7-ar/thumb/libc.a(lib_a-reallocr.o)
 .comment       0x00000000       0x2c /usr/lib/gcc/arm-none-eabi/4.8/../../../arm-none-eabi/lib/armv7-ar/thumb/libc.a(lib_a-reallocr.o)
 .ARM.attributes
                0x00000000       0x29 /usr/lib/gcc/arm-none-eabi/4.8/../../../arm-none-eabi/lib/armv7-ar/thumb/libc.a(lib_a-reallocr.o)
 .debug_frame   0x00000000       0x38 /usr/lib/gcc/arm-none-eabi/4.8/../../../arm-none-eabi/lib/armv7-ar/thumb/libc.a(lib_a-reallocr.o)
 .text          0x00000000        0x0 /usr/lib/gcc/arm-none-eabi/4.8/../../../arm-none-eabi/lib/armv7-ar/thumb/libc.a(lib_a-sbrkr.o)
 .data          0x00000000        0x0 /usr/lib/gcc/arm-none-eabi/4.8/../../../arm-none-eabi/lib/armv7-ar/thumb/libc.a(lib_a-sbrkr.o)
 .bss           0x00000000        0x0 /usr/lib/gcc/arm-none-eabi/4.8/../../../arm-none-eabi/lib/armv7-ar/thumb/libc.a(lib_a-sbrkr.o)
 .text._sbrk_r  0x00000000       0x28 /usr/lib/gcc/arm-none-eabi/4.8/../../../arm-none-eabi/lib/armv7-ar/thumb/libc.a(lib_a-sbrkr.o)
 .debug_info    0x00000000      0x8f4 /usr/lib/gcc/arm-none-eabi/4.8/../../../arm-none-eabi/lib/armv7-ar/thumb/libc.a(lib_a-sbrkr.o)
 .debug_abbrev  0x00000000      0x1fd /usr/lib/gcc/arm-none-eabi/4.8/../../../arm-none-eabi/lib/armv7-ar/thumb/libc.a(lib_a-sbrkr.o)
 .debug_loc     0x00000000       0x3f /usr/lib/gcc/arm-none-eabi/4.8/../../../arm-none-eabi/lib/armv7-ar/thumb/libc.a(lib_a-sbrkr.o)
 .debug_aranges
                0x00000000       0x20 /usr/lib/gcc/arm-none-eabi/4.8/../../../arm-none-eabi/lib/armv7-ar/thumb/libc.a(lib_a-sbrkr.o)
 .debug_ranges  0x00000000       0x10 /usr/lib/gcc/arm-none-eabi/4.8/../../../arm-none-eabi/lib/armv7-ar/thumb/libc.a(lib_a-sbrkr.o)
 .debug_line    0x00000000      0x16e /usr/lib/gcc/arm-none-eabi/4.8/../../../arm-none-eabi/lib/armv7-ar/thumb/libc.a(lib_a-sbrkr.o)
 .debug_str     0x00000000      0x58c /usr/lib/gcc/arm-none-eabi/4.8/../../../arm-none-eabi/lib/armv7-ar/thumb/libc.a(lib_a-sbrkr.o)
 .comment       0x00000000       0x2c /usr/lib/gcc/arm-none-eabi/4.8/../../../arm-none-eabi/lib/armv7-ar/thumb/libc.a(lib_a-sbrkr.o)
 .ARM.attributes
                0x00000000       0x29 /usr/lib/gcc/arm-none-eabi/4.8/../../../arm-none-eabi/lib/armv7-ar/thumb/libc.a(lib_a-sbrkr.o)
 .debug_frame   0x00000000       0x2c /usr/lib/gcc/arm-none-eabi/4.8/../../../arm-none-eabi/lib/armv7-ar/thumb/libc.a(lib_a-sbrkr.o)
 .text          0x00000000        0x0 /usr/lib/gcc/arm-none-eabi/4.8/../../../arm-none-eabi/lib/armv7-ar/thumb/libc.a(lib_a-wsetup.o)
 .data          0x00000000        0x0 /usr/lib/gcc/arm-none-eabi/4.8/../../../arm-none-eabi/lib/armv7-ar/thumb/libc.a(lib_a-wsetup.o)
 .bss           0x00000000        0x0 /usr/lib/gcc/arm-none-eabi/4.8/../../../arm-none-eabi/lib/armv7-ar/thumb/libc.a(lib_a-wsetup.o)
 .text.__swsetup_r
                0x00000000       0xc4 /usr/lib/gcc/arm-none-eabi/4.8/../../../arm-none-eabi/lib/armv7-ar/thumb/libc.a(lib_a-wsetup.o)
 .debug_info    0x00000000      0x93b /usr/lib/gcc/arm-none-eabi/4.8/../../../arm-none-eabi/lib/armv7-ar/thumb/libc.a(lib_a-wsetup.o)
 .debug_abbrev  0x00000000      0x20b /usr/lib/gcc/arm-none-eabi/4.8/../../../arm-none-eabi/lib/armv7-ar/thumb/libc.a(lib_a-wsetup.o)
 .debug_loc     0x00000000       0x70 /usr/lib/gcc/arm-none-eabi/4.8/../../../arm-none-eabi/lib/armv7-ar/thumb/libc.a(lib_a-wsetup.o)
 .debug_aranges
                0x00000000       0x20 /usr/lib/gcc/arm-none-eabi/4.8/../../../arm-none-eabi/lib/armv7-ar/thumb/libc.a(lib_a-wsetup.o)
 .debug_ranges  0x00000000       0x38 /usr/lib/gcc/arm-none-eabi/4.8/../../../arm-none-eabi/lib/armv7-ar/thumb/libc.a(lib_a-wsetup.o)
 .debug_line    0x00000000      0x1cd /usr/lib/gcc/arm-none-eabi/4.8/../../../arm-none-eabi/lib/armv7-ar/thumb/libc.a(lib_a-wsetup.o)
 .debug_str     0x00000000      0x5b4 /usr/lib/gcc/arm-none-eabi/4.8/../../../arm-none-eabi/lib/armv7-ar/thumb/libc.a(lib_a-wsetup.o)
 .comment       0x00000000       0x2c /usr/lib/gcc/arm-none-eabi/4.8/../../../arm-none-eabi/lib/armv7-ar/thumb/libc.a(lib_a-wsetup.o)
 .ARM.attributes
                0x00000000       0x29 /usr/lib/gcc/arm-none-eabi/4.8/../../../arm-none-eabi/lib/armv7-ar/thumb/libc.a(lib_a-wsetup.o)
 .debug_frame   0x00000000       0x2c /usr/lib/gcc/arm-none-eabi/4.8/../../../arm-none-eabi/lib/armv7-ar/thumb/libc.a(lib_a-wsetup.o)
 .text          0x00000000        0x0 /usr/lib/gcc/arm-none-eabi/4.8/../../../arm-none-eabi/lib/armv7-ar/thumb/libc.a(lib_a-fflush.o)
 .data          0x00000000        0x0 /usr/lib/gcc/arm-none-eabi/4.8/../../../arm-none-eabi/lib/armv7-ar/thumb/libc.a(lib_a-fflush.o)
 .bss           0x00000000        0x0 /usr/lib/gcc/arm-none-eabi/4.8/../../../arm-none-eabi/lib/armv7-ar/thumb/libc.a(lib_a-fflush.o)
 .text.__sflush_r
                0x00000000      0x150 /usr/lib/gcc/arm-none-eabi/4.8/../../../arm-none-eabi/lib/armv7-ar/thumb/libc.a(lib_a-fflush.o)
 .text._fflush_r
                0x00000000       0x2c /usr/lib/gcc/arm-none-eabi/4.8/../../../arm-none-eabi/lib/armv7-ar/thumb/libc.a(lib_a-fflush.o)
 .text.fflush   0x00000000       0x28 /usr/lib/gcc/arm-none-eabi/4.8/../../../arm-none-eabi/lib/armv7-ar/thumb/libc.a(lib_a-fflush.o)
 .debug_info    0x00000000      0xabb /usr/lib/gcc/arm-none-eabi/4.8/../../../arm-none-eabi/lib/armv7-ar/thumb/libc.a(lib_a-fflush.o)
 .debug_abbrev  0x00000000      0x29d /usr/lib/gcc/arm-none-eabi/4.8/../../../arm-none-eabi/lib/armv7-ar/thumb/libc.a(lib_a-fflush.o)
 .debug_loc     0x00000000      0x22f /usr/lib/gcc/arm-none-eabi/4.8/../../../arm-none-eabi/lib/armv7-ar/thumb/libc.a(lib_a-fflush.o)
 .debug_aranges
                0x00000000       0x30 /usr/lib/gcc/arm-none-eabi/4.8/../../../arm-none-eabi/lib/armv7-ar/thumb/libc.a(lib_a-fflush.o)
 .debug_ranges  0x00000000       0x58 /usr/lib/gcc/arm-none-eabi/4.8/../../../arm-none-eabi/lib/armv7-ar/thumb/libc.a(lib_a-fflush.o)
 .debug_line    0x00000000      0x25f /usr/lib/gcc/arm-none-eabi/4.8/../../../arm-none-eabi/lib/armv7-ar/thumb/libc.a(lib_a-fflush.o)
 .debug_str     0x00000000      0x5f5 /usr/lib/gcc/arm-none-eabi/4.8/../../../arm-none-eabi/lib/armv7-ar/thumb/libc.a(lib_a-fflush.o)
 .comment       0x00000000       0x2c /usr/lib/gcc/arm-none-eabi/4.8/../../../arm-none-eabi/lib/armv7-ar/thumb/libc.a(lib_a-fflush.o)
 .ARM.attributes
                0x00000000       0x29 /usr/lib/gcc/arm-none-eabi/4.8/../../../arm-none-eabi/lib/armv7-ar/thumb/libc.a(lib_a-fflush.o)
 .debug_frame   0x00000000       0x5c /usr/lib/gcc/arm-none-eabi/4.8/../../../arm-none-eabi/lib/armv7-ar/thumb/libc.a(lib_a-fflush.o)
 .text          0x00000000        0x0 /usr/lib/gcc/arm-none-eabi/4.8/../../../arm-none-eabi/lib/armv7-ar/thumb/libc.a(lib_a-findfp.o)
 .data          0x00000000        0x0 /usr/lib/gcc/arm-none-eabi/4.8/../../../arm-none-eabi/lib/armv7-ar/thumb/libc.a(lib_a-findfp.o)
 .bss           0x00000000        0x0 /usr/lib/gcc/arm-none-eabi/4.8/../../../arm-none-eabi/lib/armv7-ar/thumb/libc.a(lib_a-findfp.o)
 .text.__fp_lock
                0x00000000        0x4 /usr/lib/gcc/arm-none-eabi/4.8/../../../arm-none-eabi/lib/armv7-ar/thumb/libc.a(lib_a-findfp.o)
 .text.__fp_unlock
                0x00000000        0x4 /usr/lib/gcc/arm-none-eabi/4.8/../../../arm-none-eabi/lib/armv7-ar/thumb/libc.a(lib_a-findfp.o)
 .text._cleanup_r
                0x00000000        0xc /usr/lib/gcc/arm-none-eabi/4.8/../../../arm-none-eabi/lib/armv7-ar/thumb/libc.a(lib_a-findfp.o)
 .text.__sfmoreglue
                0x00000000       0x34 /usr/lib/gcc/arm-none-eabi/4.8/../../../arm-none-eabi/lib/armv7-ar/thumb/libc.a(lib_a-findfp.o)
 .text._cleanup
                0x00000000       0x18 /usr/lib/gcc/arm-none-eabi/4.8/../../../arm-none-eabi/lib/armv7-ar/thumb/libc.a(lib_a-findfp.o)
 .text.__sinit  0x00000000      0x104 /usr/lib/gcc/arm-none-eabi/4.8/../../../arm-none-eabi/lib/armv7-ar/thumb/libc.a(lib_a-findfp.o)
 .text.__sfp    0x00000000       0x8c /usr/lib/gcc/arm-none-eabi/4.8/../../../arm-none-eabi/lib/armv7-ar/thumb/libc.a(lib_a-findfp.o)
 .text.__sfp_lock_acquire
                0x00000000        0x4 /usr/lib/gcc/arm-none-eabi/4.8/../../../arm-none-eabi/lib/armv7-ar/thumb/libc.a(lib_a-findfp.o)
 .text.__sfp_lock_release
                0x00000000        0x4 /usr/lib/gcc/arm-none-eabi/4.8/../../../arm-none-eabi/lib/armv7-ar/thumb/libc.a(lib_a-findfp.o)
 .text.__sinit_lock_acquire
                0x00000000        0x4 /usr/lib/gcc/arm-none-eabi/4.8/../../../arm-none-eabi/lib/armv7-ar/thumb/libc.a(lib_a-findfp.o)
 .text.__sinit_lock_release
                0x00000000        0x4 /usr/lib/gcc/arm-none-eabi/4.8/../../../arm-none-eabi/lib/armv7-ar/thumb/libc.a(lib_a-findfp.o)
 .text.__fp_lock_all
                0x00000000       0x18 /usr/lib/gcc/arm-none-eabi/4.8/../../../arm-none-eabi/lib/armv7-ar/thumb/libc.a(lib_a-findfp.o)
 .text.__fp_unlock_all
                0x00000000       0x18 /usr/lib/gcc/arm-none-eabi/4.8/../../../arm-none-eabi/lib/armv7-ar/thumb/libc.a(lib_a-findfp.o)
 .debug_info    0x00000000      0xd6c /usr/lib/gcc/arm-none-eabi/4.8/../../../arm-none-eabi/lib/armv7-ar/thumb/libc.a(lib_a-findfp.o)
 .debug_abbrev  0x00000000      0x327 /usr/lib/gcc/arm-none-eabi/4.8/../../../arm-none-eabi/lib/armv7-ar/thumb/libc.a(lib_a-findfp.o)
 .debug_loc     0x00000000      0x2c0 /usr/lib/gcc/arm-none-eabi/4.8/../../../arm-none-eabi/lib/armv7-ar/thumb/libc.a(lib_a-findfp.o)
 .debug_aranges
                0x00000000       0x80 /usr/lib/gcc/arm-none-eabi/4.8/../../../arm-none-eabi/lib/armv7-ar/thumb/libc.a(lib_a-findfp.o)
 .debug_ranges  0x00000000      0x160 /usr/lib/gcc/arm-none-eabi/4.8/../../../arm-none-eabi/lib/armv7-ar/thumb/libc.a(lib_a-findfp.o)
 .debug_line    0x00000000      0x354 /usr/lib/gcc/arm-none-eabi/4.8/../../../arm-none-eabi/lib/armv7-ar/thumb/libc.a(lib_a-findfp.o)
 .debug_str     0x00000000      0x6af /usr/lib/gcc/arm-none-eabi/4.8/../../../arm-none-eabi/lib/armv7-ar/thumb/libc.a(lib_a-findfp.o)
 .comment       0x00000000       0x2c /usr/lib/gcc/arm-none-eabi/4.8/../../../arm-none-eabi/lib/armv7-ar/thumb/libc.a(lib_a-findfp.o)
 .ARM.attributes
                0x00000000       0x29 /usr/lib/gcc/arm-none-eabi/4.8/../../../arm-none-eabi/lib/armv7-ar/thumb/libc.a(lib_a-findfp.o)
 .debug_frame   0x00000000      0x110 /usr/lib/gcc/arm-none-eabi/4.8/../../../arm-none-eabi/lib/armv7-ar/thumb/libc.a(lib_a-findfp.o)
 .text          0x00000000        0x0 /usr/lib/gcc/arm-none-eabi/4.8/../../../arm-none-eabi/lib/armv7-ar/thumb/libc.a(lib_a-freer.o)
 .data          0x00000000        0x0 /usr/lib/gcc/arm-none-eabi/4.8/../../../arm-none-eabi/lib/armv7-ar/thumb/libc.a(lib_a-freer.o)
 .bss           0x00000000        0x0 /usr/lib/gcc/arm-none-eabi/4.8/../../../arm-none-eabi/lib/armv7-ar/thumb/libc.a(lib_a-freer.o)
 .text._malloc_trim_r
                0x00000000       0xa8 /usr/lib/gcc/arm-none-eabi/4.8/../../../arm-none-eabi/lib/armv7-ar/thumb/libc.a(lib_a-freer.o)
 .text._free_r  0x00000000      0x198 /usr/lib/gcc/arm-none-eabi/4.8/../../../arm-none-eabi/lib/armv7-ar/thumb/libc.a(lib_a-freer.o)
 .debug_info    0x00000000      0xc1a /usr/lib/gcc/arm-none-eabi/4.8/../../../arm-none-eabi/lib/armv7-ar/thumb/libc.a(lib_a-freer.o)
 .debug_abbrev  0x00000000      0x28a /usr/lib/gcc/arm-none-eabi/4.8/../../../arm-none-eabi/lib/armv7-ar/thumb/libc.a(lib_a-freer.o)
 .debug_loc     0x00000000      0x449 /usr/lib/gcc/arm-none-eabi/4.8/../../../arm-none-eabi/lib/armv7-ar/thumb/libc.a(lib_a-freer.o)
 .debug_aranges
                0x00000000       0x28 /usr/lib/gcc/arm-none-eabi/4.8/../../../arm-none-eabi/lib/armv7-ar/thumb/libc.a(lib_a-freer.o)
 .debug_ranges  0x00000000       0x18 /usr/lib/gcc/arm-none-eabi/4.8/../../../arm-none-eabi/lib/armv7-ar/thumb/libc.a(lib_a-freer.o)
 .debug_line    0x00000000      0x267 /usr/lib/gcc/arm-none-eabi/4.8/../../../arm-none-eabi/lib/armv7-ar/thumb/libc.a(lib_a-freer.o)
 .debug_str     0x00000000      0x6ee /usr/lib/gcc/arm-none-eabi/4.8/../../../arm-none-eabi/lib/armv7-ar/thumb/libc.a(lib_a-freer.o)
 .comment       0x00000000       0x2c /usr/lib/gcc/arm-none-eabi/4.8/../../../arm-none-eabi/lib/armv7-ar/thumb/libc.a(lib_a-freer.o)
 .ARM.attributes
                0x00000000       0x29 /usr/lib/gcc/arm-none-eabi/4.8/../../../arm-none-eabi/lib/armv7-ar/thumb/libc.a(lib_a-freer.o)
 .debug_frame   0x00000000       0x50 /usr/lib/gcc/arm-none-eabi/4.8/../../../arm-none-eabi/lib/armv7-ar/thumb/libc.a(lib_a-freer.o)
 .text          0x00000000        0x0 /usr/lib/gcc/arm-none-eabi/4.8/../../../arm-none-eabi/lib/armv7-ar/thumb/libc.a(lib_a-fwalk.o)
 .data          0x00000000        0x0 /usr/lib/gcc/arm-none-eabi/4.8/../../../arm-none-eabi/lib/armv7-ar/thumb/libc.a(lib_a-fwalk.o)
 .bss           0x00000000        0x0 /usr/lib/gcc/arm-none-eabi/4.8/../../../arm-none-eabi/lib/armv7-ar/thumb/libc.a(lib_a-fwalk.o)
 .text._fwalk   0x00000000       0x48 /usr/lib/gcc/arm-none-eabi/4.8/../../../arm-none-eabi/lib/armv7-ar/thumb/libc.a(lib_a-fwalk.o)
 .text._fwalk_reent
                0x00000000       0x4c /usr/lib/gcc/arm-none-eabi/4.8/../../../arm-none-eabi/lib/armv7-ar/thumb/libc.a(lib_a-fwalk.o)
 .debug_info    0x00000000      0x99c /usr/lib/gcc/arm-none-eabi/4.8/../../../arm-none-eabi/lib/armv7-ar/thumb/libc.a(lib_a-fwalk.o)
 .debug_abbrev  0x00000000      0x1d1 /usr/lib/gcc/arm-none-eabi/4.8/../../../arm-none-eabi/lib/armv7-ar/thumb/libc.a(lib_a-fwalk.o)
 .debug_loc     0x00000000      0x1e3 /usr/lib/gcc/arm-none-eabi/4.8/../../../arm-none-eabi/lib/armv7-ar/thumb/libc.a(lib_a-fwalk.o)
 .debug_aranges
                0x00000000       0x28 /usr/lib/gcc/arm-none-eabi/4.8/../../../arm-none-eabi/lib/armv7-ar/thumb/libc.a(lib_a-fwalk.o)
 .debug_ranges  0x00000000       0x18 /usr/lib/gcc/arm-none-eabi/4.8/../../../arm-none-eabi/lib/armv7-ar/thumb/libc.a(lib_a-fwalk.o)
 .debug_line    0x00000000      0x1ca /usr/lib/gcc/arm-none-eabi/4.8/../../../arm-none-eabi/lib/armv7-ar/thumb/libc.a(lib_a-fwalk.o)
 .debug_str     0x00000000      0x59a /usr/lib/gcc/arm-none-eabi/4.8/../../../arm-none-eabi/lib/armv7-ar/thumb/libc.a(lib_a-fwalk.o)
 .comment       0x00000000       0x2c /usr/lib/gcc/arm-none-eabi/4.8/../../../arm-none-eabi/lib/armv7-ar/thumb/libc.a(lib_a-fwalk.o)
 .ARM.attributes
                0x00000000       0x29 /usr/lib/gcc/arm-none-eabi/4.8/../../../arm-none-eabi/lib/armv7-ar/thumb/libc.a(lib_a-fwalk.o)
 .debug_frame   0x00000000       0x54 /usr/lib/gcc/arm-none-eabi/4.8/../../../arm-none-eabi/lib/armv7-ar/thumb/libc.a(lib_a-fwalk.o)
 .text          0x00000000        0x0 /usr/lib/gcc/arm-none-eabi/4.8/../../../arm-none-eabi/lib/armv7-ar/thumb/libc.a(lib_a-makebuf.o)
 .data          0x00000000        0x0 /usr/lib/gcc/arm-none-eabi/4.8/../../../arm-none-eabi/lib/armv7-ar/thumb/libc.a(lib_a-makebuf.o)
 .bss           0x00000000        0x0 /usr/lib/gcc/arm-none-eabi/4.8/../../../arm-none-eabi/lib/armv7-ar/thumb/libc.a(lib_a-makebuf.o)
 .text.__smakebuf_r
                0x00000000       0xe8 /usr/lib/gcc/arm-none-eabi/4.8/../../../arm-none-eabi/lib/armv7-ar/thumb/libc.a(lib_a-makebuf.o)
 .debug_info    0x00000000      0xae6 /usr/lib/gcc/arm-none-eabi/4.8/../../../arm-none-eabi/lib/armv7-ar/thumb/libc.a(lib_a-makebuf.o)
 .debug_abbrev  0x00000000      0x206 /usr/lib/gcc/arm-none-eabi/4.8/../../../arm-none-eabi/lib/armv7-ar/thumb/libc.a(lib_a-makebuf.o)
 .debug_loc     0x00000000      0x10c /usr/lib/gcc/arm-none-eabi/4.8/../../../arm-none-eabi/lib/armv7-ar/thumb/libc.a(lib_a-makebuf.o)
 .debug_aranges
                0x00000000       0x20 /usr/lib/gcc/arm-none-eabi/4.8/../../../arm-none-eabi/lib/armv7-ar/thumb/libc.a(lib_a-makebuf.o)
 .debug_ranges  0x00000000       0x10 /usr/lib/gcc/arm-none-eabi/4.8/../../../arm-none-eabi/lib/armv7-ar/thumb/libc.a(lib_a-makebuf.o)
 .debug_line    0x00000000      0x1fd /usr/lib/gcc/arm-none-eabi/4.8/../../../arm-none-eabi/lib/armv7-ar/thumb/libc.a(lib_a-makebuf.o)
 .debug_str     0x00000000      0x697 /usr/lib/gcc/arm-none-eabi/4.8/../../../arm-none-eabi/lib/armv7-ar/thumb/libc.a(lib_a-makebuf.o)
 .comment       0x00000000       0x2c /usr/lib/gcc/arm-none-eabi/4.8/../../../arm-none-eabi/lib/armv7-ar/thumb/libc.a(lib_a-makebuf.o)
 .ARM.attributes
                0x00000000       0x29 /usr/lib/gcc/arm-none-eabi/4.8/../../../arm-none-eabi/lib/armv7-ar/thumb/libc.a(lib_a-makebuf.o)
 .debug_frame   0x00000000       0x30 /usr/lib/gcc/arm-none-eabi/4.8/../../../arm-none-eabi/lib/armv7-ar/thumb/libc.a(lib_a-makebuf.o)
 .text          0x00000000        0x0 /usr/lib/gcc/arm-none-eabi/4.8/../../../arm-none-eabi/lib/armv7-ar/thumb/libc.a(lib_a-memset.o)
 .data          0x00000000        0x0 /usr/lib/gcc/arm-none-eabi/4.8/../../../arm-none-eabi/lib/armv7-ar/thumb/libc.a(lib_a-memset.o)
 .bss           0x00000000        0x0 /usr/lib/gcc/arm-none-eabi/4.8/../../../arm-none-eabi/lib/armv7-ar/thumb/libc.a(lib_a-memset.o)
 .text.memset   0x00000000       0xa0 /usr/lib/gcc/arm-none-eabi/4.8/../../../arm-none-eabi/lib/armv7-ar/thumb/libc.a(lib_a-memset.o)
 .debug_info    0x00000000      0x117 /usr/lib/gcc/arm-none-eabi/4.8/../../../arm-none-eabi/lib/armv7-ar/thumb/libc.a(lib_a-memset.o)
 .debug_abbrev  0x00000000       0x9f /usr/lib/gcc/arm-none-eabi/4.8/../../../arm-none-eabi/lib/armv7-ar/thumb/libc.a(lib_a-memset.o)
 .debug_loc     0x00000000      0x18b /usr/lib/gcc/arm-none-eabi/4.8/../../../arm-none-eabi/lib/armv7-ar/thumb/libc.a(lib_a-memset.o)
 .debug_aranges
                0x00000000       0x20 /usr/lib/gcc/arm-none-eabi/4.8/../../../arm-none-eabi/lib/armv7-ar/thumb/libc.a(lib_a-memset.o)
 .debug_ranges  0x00000000       0x10 /usr/lib/gcc/arm-none-eabi/4.8/../../../arm-none-eabi/lib/armv7-ar/thumb/libc.a(lib_a-memset.o)
 .debug_line    0x00000000      0x133 /usr/lib/gcc/arm-none-eabi/4.8/../../../arm-none-eabi/lib/armv7-ar/thumb/libc.a(lib_a-memset.o)
 .debug_str     0x00000000      0x1d8 /usr/lib/gcc/arm-none-eabi/4.8/../../../arm-none-eabi/lib/armv7-ar/thumb/libc.a(lib_a-memset.o)
 .comment       0x00000000       0x2c /usr/lib/gcc/arm-none-eabi/4.8/../../../arm-none-eabi/lib/armv7-ar/thumb/libc.a(lib_a-memset.o)
 .ARM.attributes
                0x00000000       0x29 /usr/lib/gcc/arm-none-eabi/4.8/../../../arm-none-eabi/lib/armv7-ar/thumb/libc.a(lib_a-memset.o)
 .debug_frame   0x00000000       0x2c /usr/lib/gcc/arm-none-eabi/4.8/../../../arm-none-eabi/lib/armv7-ar/thumb/libc.a(lib_a-memset.o)
 .text          0x00000000        0x0 /usr/lib/gcc/arm-none-eabi/4.8/../../../arm-none-eabi/lib/armv7-ar/thumb/libc.a(lib_a-reent.o)
 .data          0x00000000        0x0 /usr/lib/gcc/arm-none-eabi/4.8/../../../arm-none-eabi/lib/armv7-ar/thumb/libc.a(lib_a-reent.o)
 .bss           0x00000000        0x0 /usr/lib/gcc/arm-none-eabi/4.8/../../../arm-none-eabi/lib/armv7-ar/thumb/libc.a(lib_a-reent.o)
 .text.cleanup_glue
                0x00000000       0x1c /usr/lib/gcc/arm-none-eabi/4.8/../../../arm-none-eabi/lib/armv7-ar/thumb/libc.a(lib_a-reent.o)
 .text._reclaim_reent
                0x00000000       0x90 /usr/lib/gcc/arm-none-eabi/4.8/../../../arm-none-eabi/lib/armv7-ar/thumb/libc.a(lib_a-reent.o)
 .debug_info    0x00000000      0x9fb /usr/lib/gcc/arm-none-eabi/4.8/../../../arm-none-eabi/lib/armv7-ar/thumb/libc.a(lib_a-reent.o)
 .debug_abbrev  0x00000000      0x258 /usr/lib/gcc/arm-none-eabi/4.8/../../../arm-none-eabi/lib/armv7-ar/thumb/libc.a(lib_a-reent.o)
 .debug_loc     0x00000000      0x130 /usr/lib/gcc/arm-none-eabi/4.8/../../../arm-none-eabi/lib/armv7-ar/thumb/libc.a(lib_a-reent.o)
 .debug_aranges
                0x00000000       0x28 /usr/lib/gcc/arm-none-eabi/4.8/../../../arm-none-eabi/lib/armv7-ar/thumb/libc.a(lib_a-reent.o)
 .debug_ranges  0x00000000       0x30 /usr/lib/gcc/arm-none-eabi/4.8/../../../arm-none-eabi/lib/armv7-ar/thumb/libc.a(lib_a-reent.o)
 .debug_line    0x00000000      0x1a6 /usr/lib/gcc/arm-none-eabi/4.8/../../../arm-none-eabi/lib/armv7-ar/thumb/libc.a(lib_a-reent.o)
 .debug_str     0x00000000      0x5b4 /usr/lib/gcc/arm-none-eabi/4.8/../../../arm-none-eabi/lib/armv7-ar/thumb/libc.a(lib_a-reent.o)
 .comment       0x00000000       0x2c /usr/lib/gcc/arm-none-eabi/4.8/../../../arm-none-eabi/lib/armv7-ar/thumb/libc.a(lib_a-reent.o)
 .ARM.attributes
                0x00000000       0x29 /usr/lib/gcc/arm-none-eabi/4.8/../../../arm-none-eabi/lib/armv7-ar/thumb/libc.a(lib_a-reent.o)
 .debug_frame   0x00000000       0x48 /usr/lib/gcc/arm-none-eabi/4.8/../../../arm-none-eabi/lib/armv7-ar/thumb/libc.a(lib_a-reent.o)
 COMMON         0x00000000        0x4 /usr/lib/gcc/arm-none-eabi/4.8/../../../arm-none-eabi/lib/armv7-ar/thumb/libc.a(lib_a-reent.o)
 .text          0x00000000        0x0 /usr/lib/gcc/arm-none-eabi/4.8/../../../arm-none-eabi/lib/armv7-ar/thumb/libc.a(lib_a-stdio.o)
 .data          0x00000000        0x0 /usr/lib/gcc/arm-none-eabi/4.8/../../../arm-none-eabi/lib/armv7-ar/thumb/libc.a(lib_a-stdio.o)
 .bss           0x00000000        0x0 /usr/lib/gcc/arm-none-eabi/4.8/../../../arm-none-eabi/lib/armv7-ar/thumb/libc.a(lib_a-stdio.o)
 .text.__sread  0x00000000       0x24 /usr/lib/gcc/arm-none-eabi/4.8/../../../arm-none-eabi/lib/armv7-ar/thumb/libc.a(lib_a-stdio.o)
 .text.__seofread
                0x00000000        0x4 /usr/lib/gcc/arm-none-eabi/4.8/../../../arm-none-eabi/lib/armv7-ar/thumb/libc.a(lib_a-stdio.o)
 .text.__swrite
                0x00000000       0x38 /usr/lib/gcc/arm-none-eabi/4.8/../../../arm-none-eabi/lib/armv7-ar/thumb/libc.a(lib_a-stdio.o)
 .text.__sseek  0x00000000       0x20 /usr/lib/gcc/arm-none-eabi/4.8/../../../arm-none-eabi/lib/armv7-ar/thumb/libc.a(lib_a-stdio.o)
 .text.__sclose
                0x00000000        0x8 /usr/lib/gcc/arm-none-eabi/4.8/../../../arm-none-eabi/lib/armv7-ar/thumb/libc.a(lib_a-stdio.o)
 .debug_info    0x00000000      0xb8a /usr/lib/gcc/arm-none-eabi/4.8/../../../arm-none-eabi/lib/armv7-ar/thumb/libc.a(lib_a-stdio.o)
 .debug_abbrev  0x00000000      0x246 /usr/lib/gcc/arm-none-eabi/4.8/../../../arm-none-eabi/lib/armv7-ar/thumb/libc.a(lib_a-stdio.o)
 .debug_loc     0x00000000      0x29e /usr/lib/gcc/arm-none-eabi/4.8/../../../arm-none-eabi/lib/armv7-ar/thumb/libc.a(lib_a-stdio.o)
 .debug_aranges
                0x00000000       0x40 /usr/lib/gcc/arm-none-eabi/4.8/../../../arm-none-eabi/lib/armv7-ar/thumb/libc.a(lib_a-stdio.o)
 .debug_ranges  0x00000000       0x30 /usr/lib/gcc/arm-none-eabi/4.8/../../../arm-none-eabi/lib/armv7-ar/thumb/libc.a(lib_a-stdio.o)
 .debug_line    0x00000000      0x1e0 /usr/lib/gcc/arm-none-eabi/4.8/../../../arm-none-eabi/lib/armv7-ar/thumb/libc.a(lib_a-stdio.o)
 .debug_str     0x00000000      0x5f0 /usr/lib/gcc/arm-none-eabi/4.8/../../../arm-none-eabi/lib/armv7-ar/thumb/libc.a(lib_a-stdio.o)
 .comment       0x00000000       0x2c /usr/lib/gcc/arm-none-eabi/4.8/../../../arm-none-eabi/lib/armv7-ar/thumb/libc.a(lib_a-stdio.o)
 .ARM.attributes
                0x00000000       0x29 /usr/lib/gcc/arm-none-eabi/4.8/../../../arm-none-eabi/lib/armv7-ar/thumb/libc.a(lib_a-stdio.o)
 .debug_frame   0x00000000       0x80 /usr/lib/gcc/arm-none-eabi/4.8/../../../arm-none-eabi/lib/armv7-ar/thumb/libc.a(lib_a-stdio.o)
 .text          0x00000000        0x0 /usr/lib/gcc/arm-none-eabi/4.8/../../../arm-none-eabi/lib/armv7-ar/thumb/libc.a(lib_a-writer.o)
 .data          0x00000000        0x0 /usr/lib/gcc/arm-none-eabi/4.8/../../../arm-none-eabi/lib/armv7-ar/thumb/libc.a(lib_a-writer.o)
 .bss           0x00000000        0x0 /usr/lib/gcc/arm-none-eabi/4.8/../../../arm-none-eabi/lib/armv7-ar/thumb/libc.a(lib_a-writer.o)
 .text._write_r
                0x00000000       0x2c /usr/lib/gcc/arm-none-eabi/4.8/../../../arm-none-eabi/lib/armv7-ar/thumb/libc.a(lib_a-writer.o)
 .debug_info    0x00000000      0x929 /usr/lib/gcc/arm-none-eabi/4.8/../../../arm-none-eabi/lib/armv7-ar/thumb/libc.a(lib_a-writer.o)
 .debug_abbrev  0x00000000      0x1f4 /usr/lib/gcc/arm-none-eabi/4.8/../../../arm-none-eabi/lib/armv7-ar/thumb/libc.a(lib_a-writer.o)
 .debug_loc     0x00000000       0xa2 /usr/lib/gcc/arm-none-eabi/4.8/../../../arm-none-eabi/lib/armv7-ar/thumb/libc.a(lib_a-writer.o)
 .debug_aranges
                0x00000000       0x20 /usr/lib/gcc/arm-none-eabi/4.8/../../../arm-none-eabi/lib/armv7-ar/thumb/libc.a(lib_a-writer.o)
 .debug_ranges  0x00000000       0x10 /usr/lib/gcc/arm-none-eabi/4.8/../../../arm-none-eabi/lib/armv7-ar/thumb/libc.a(lib_a-writer.o)
 .debug_line    0x00000000      0x16f /usr/lib/gcc/arm-none-eabi/4.8/../../../arm-none-eabi/lib/armv7-ar/thumb/libc.a(lib_a-writer.o)
 .debug_str     0x00000000      0x589 /usr/lib/gcc/arm-none-eabi/4.8/../../../arm-none-eabi/lib/armv7-ar/thumb/libc.a(lib_a-writer.o)
 .comment       0x00000000       0x2c /usr/lib/gcc/arm-none-eabi/4.8/../../../arm-none-eabi/lib/armv7-ar/thumb/libc.a(lib_a-writer.o)
 .ARM.attributes
                0x00000000       0x29 /usr/lib/gcc/arm-none-eabi/4.8/../../../arm-none-eabi/lib/armv7-ar/thumb/libc.a(lib_a-writer.o)
 .debug_frame   0x00000000       0x2c /usr/lib/gcc/arm-none-eabi/4.8/../../../arm-none-eabi/lib/armv7-ar/thumb/libc.a(lib_a-writer.o)
 .text          0x00000000        0x0 /usr/lib/gcc/arm-none-eabi/4.8/../../../arm-none-eabi/lib/armv7-ar/thumb/libc.a(lib_a-closer.o)
 .data          0x00000000        0x0 /usr/lib/gcc/arm-none-eabi/4.8/../../../arm-none-eabi/lib/armv7-ar/thumb/libc.a(lib_a-closer.o)
 .bss           0x00000000        0x0 /usr/lib/gcc/arm-none-eabi/4.8/../../../arm-none-eabi/lib/armv7-ar/thumb/libc.a(lib_a-closer.o)
 .text._close_r
                0x00000000       0x28 /usr/lib/gcc/arm-none-eabi/4.8/../../../arm-none-eabi/lib/armv7-ar/thumb/libc.a(lib_a-closer.o)
 .debug_info    0x00000000      0x8e0 /usr/lib/gcc/arm-none-eabi/4.8/../../../arm-none-eabi/lib/armv7-ar/thumb/libc.a(lib_a-closer.o)
 .debug_abbrev  0x00000000      0x1ef /usr/lib/gcc/arm-none-eabi/4.8/../../../arm-none-eabi/lib/armv7-ar/thumb/libc.a(lib_a-closer.o)
 .debug_loc     0x00000000       0x3f /usr/lib/gcc/arm-none-eabi/4.8/../../../arm-none-eabi/lib/armv7-ar/thumb/libc.a(lib_a-closer.o)
 .debug_aranges
                0x00000000       0x20 /usr/lib/gcc/arm-none-eabi/4.8/../../../arm-none-eabi/lib/armv7-ar/thumb/libc.a(lib_a-closer.o)
 .debug_ranges  0x00000000       0x10 /usr/lib/gcc/arm-none-eabi/4.8/../../../arm-none-eabi/lib/armv7-ar/thumb/libc.a(lib_a-closer.o)
 .debug_line    0x00000000      0x16f /usr/lib/gcc/arm-none-eabi/4.8/../../../arm-none-eabi/lib/armv7-ar/thumb/libc.a(lib_a-closer.o)
 .debug_str     0x00000000      0x579 /usr/lib/gcc/arm-none-eabi/4.8/../../../arm-none-eabi/lib/armv7-ar/thumb/libc.a(lib_a-closer.o)
 .comment       0x00000000       0x2c /usr/lib/gcc/arm-none-eabi/4.8/../../../arm-none-eabi/lib/armv7-ar/thumb/libc.a(lib_a-closer.o)
 .ARM.attributes
                0x00000000       0x29 /usr/lib/gcc/arm-none-eabi/4.8/../../../arm-none-eabi/lib/armv7-ar/thumb/libc.a(lib_a-closer.o)
 .debug_frame   0x00000000       0x2c /usr/lib/gcc/arm-none-eabi/4.8/../../../arm-none-eabi/lib/armv7-ar/thumb/libc.a(lib_a-closer.o)
 .text          0x00000000        0x0 /usr/lib/gcc/arm-none-eabi/4.8/../../../arm-none-eabi/lib/armv7-ar/thumb/libc.a(lib_a-fclose.o)
 .data          0x00000000        0x0 /usr/lib/gcc/arm-none-eabi/4.8/../../../arm-none-eabi/lib/armv7-ar/thumb/libc.a(lib_a-fclose.o)
 .bss           0x00000000        0x0 /usr/lib/gcc/arm-none-eabi/4.8/../../../arm-none-eabi/lib/armv7-ar/thumb/libc.a(lib_a-fclose.o)
 .text._fclose_r
                0x00000000       0x80 /usr/lib/gcc/arm-none-eabi/4.8/../../../arm-none-eabi/lib/armv7-ar/thumb/libc.a(lib_a-fclose.o)
 .text.fclose   0x00000000       0x10 /usr/lib/gcc/arm-none-eabi/4.8/../../../arm-none-eabi/lib/armv7-ar/thumb/libc.a(lib_a-fclose.o)
 .debug_info    0x00000000      0x9e4 /usr/lib/gcc/arm-none-eabi/4.8/../../../arm-none-eabi/lib/armv7-ar/thumb/libc.a(lib_a-fclose.o)
 .debug_abbrev  0x00000000      0x273 /usr/lib/gcc/arm-none-eabi/4.8/../../../arm-none-eabi/lib/armv7-ar/thumb/libc.a(lib_a-fclose.o)
 .debug_loc     0x00000000       0xfc /usr/lib/gcc/arm-none-eabi/4.8/../../../arm-none-eabi/lib/armv7-ar/thumb/libc.a(lib_a-fclose.o)
 .debug_aranges
                0x00000000       0x28 /usr/lib/gcc/arm-none-eabi/4.8/../../../arm-none-eabi/lib/armv7-ar/thumb/libc.a(lib_a-fclose.o)
 .debug_ranges  0x00000000       0x30 /usr/lib/gcc/arm-none-eabi/4.8/../../../arm-none-eabi/lib/armv7-ar/thumb/libc.a(lib_a-fclose.o)
 .debug_line    0x00000000      0x1d0 /usr/lib/gcc/arm-none-eabi/4.8/../../../arm-none-eabi/lib/armv7-ar/thumb/libc.a(lib_a-fclose.o)
 .debug_str     0x00000000      0x5e2 /usr/lib/gcc/arm-none-eabi/4.8/../../../arm-none-eabi/lib/armv7-ar/thumb/libc.a(lib_a-fclose.o)
 .comment       0x00000000       0x2c /usr/lib/gcc/arm-none-eabi/4.8/../../../arm-none-eabi/lib/armv7-ar/thumb/libc.a(lib_a-fclose.o)
 .ARM.attributes
                0x00000000       0x29 /usr/lib/gcc/arm-none-eabi/4.8/../../../arm-none-eabi/lib/armv7-ar/thumb/libc.a(lib_a-fclose.o)
 .debug_frame   0x00000000       0x3c /usr/lib/gcc/arm-none-eabi/4.8/../../../arm-none-eabi/lib/armv7-ar/thumb/libc.a(lib_a-fclose.o)
 .text          0x00000000        0x0 /usr/lib/gcc/arm-none-eabi/4.8/../../../arm-none-eabi/lib/armv7-ar/thumb/libc.a(lib_a-fstatr.o)
 .data          0x00000000        0x0 /usr/lib/gcc/arm-none-eabi/4.8/../../../arm-none-eabi/lib/armv7-ar/thumb/libc.a(lib_a-fstatr.o)
 .bss           0x00000000        0x0 /usr/lib/gcc/arm-none-eabi/4.8/../../../arm-none-eabi/lib/armv7-ar/thumb/libc.a(lib_a-fstatr.o)
 .text._fstat_r
                0x00000000       0x28 /usr/lib/gcc/arm-none-eabi/4.8/../../../arm-none-eabi/lib/armv7-ar/thumb/libc.a(lib_a-fstatr.o)
 .debug_info    0x00000000      0xa5e /usr/lib/gcc/arm-none-eabi/4.8/../../../arm-none-eabi/lib/armv7-ar/thumb/libc.a(lib_a-fstatr.o)
 .debug_abbrev  0x00000000      0x1fe /usr/lib/gcc/arm-none-eabi/4.8/../../../arm-none-eabi/lib/armv7-ar/thumb/libc.a(lib_a-fstatr.o)
 .debug_loc     0x00000000       0x6b /usr/lib/gcc/arm-none-eabi/4.8/../../../arm-none-eabi/lib/armv7-ar/thumb/libc.a(lib_a-fstatr.o)
 .debug_aranges
                0x00000000       0x20 /usr/lib/gcc/arm-none-eabi/4.8/../../../arm-none-eabi/lib/armv7-ar/thumb/libc.a(lib_a-fstatr.o)
 .debug_ranges  0x00000000       0x10 /usr/lib/gcc/arm-none-eabi/4.8/../../../arm-none-eabi/lib/armv7-ar/thumb/libc.a(lib_a-fstatr.o)
 .debug_line    0x00000000      0x184 /usr/lib/gcc/arm-none-eabi/4.8/../../../arm-none-eabi/lib/armv7-ar/thumb/libc.a(lib_a-fstatr.o)
 .debug_str     0x00000000      0x66c /usr/lib/gcc/arm-none-eabi/4.8/../../../arm-none-eabi/lib/armv7-ar/thumb/libc.a(lib_a-fstatr.o)
 .comment       0x00000000       0x2c /usr/lib/gcc/arm-none-eabi/4.8/../../../arm-none-eabi/lib/armv7-ar/thumb/libc.a(lib_a-fstatr.o)
 .ARM.attributes
                0x00000000       0x29 /usr/lib/gcc/arm-none-eabi/4.8/../../../arm-none-eabi/lib/armv7-ar/thumb/libc.a(lib_a-fstatr.o)
 .debug_frame   0x00000000       0x2c /usr/lib/gcc/arm-none-eabi/4.8/../../../arm-none-eabi/lib/armv7-ar/thumb/libc.a(lib_a-fstatr.o)
 .text          0x00000000        0x0 /usr/lib/gcc/arm-none-eabi/4.8/../../../arm-none-eabi/lib/armv7-ar/thumb/libc.a(lib_a-isattyr.o)
 .data          0x00000000        0x0 /usr/lib/gcc/arm-none-eabi/4.8/../../../arm-none-eabi/lib/armv7-ar/thumb/libc.a(lib_a-isattyr.o)
 .bss           0x00000000        0x0 /usr/lib/gcc/arm-none-eabi/4.8/../../../arm-none-eabi/lib/armv7-ar/thumb/libc.a(lib_a-isattyr.o)
 .text._isatty_r
                0x00000000       0x28 /usr/lib/gcc/arm-none-eabi/4.8/../../../arm-none-eabi/lib/armv7-ar/thumb/libc.a(lib_a-isattyr.o)
 .debug_info    0x00000000      0x8e0 /usr/lib/gcc/arm-none-eabi/4.8/../../../arm-none-eabi/lib/armv7-ar/thumb/libc.a(lib_a-isattyr.o)
 .debug_abbrev  0x00000000      0x1ef /usr/lib/gcc/arm-none-eabi/4.8/../../../arm-none-eabi/lib/armv7-ar/thumb/libc.a(lib_a-isattyr.o)
 .debug_loc     0x00000000       0x3f /usr/lib/gcc/arm-none-eabi/4.8/../../../arm-none-eabi/lib/armv7-ar/thumb/libc.a(lib_a-isattyr.o)
 .debug_aranges
                0x00000000       0x20 /usr/lib/gcc/arm-none-eabi/4.8/../../../arm-none-eabi/lib/armv7-ar/thumb/libc.a(lib_a-isattyr.o)
 .debug_ranges  0x00000000       0x10 /usr/lib/gcc/arm-none-eabi/4.8/../../../arm-none-eabi/lib/armv7-ar/thumb/libc.a(lib_a-isattyr.o)
 .debug_line    0x00000000      0x170 /usr/lib/gcc/arm-none-eabi/4.8/../../../arm-none-eabi/lib/armv7-ar/thumb/libc.a(lib_a-isattyr.o)
 .debug_str     0x00000000      0x583 /usr/lib/gcc/arm-none-eabi/4.8/../../../arm-none-eabi/lib/armv7-ar/thumb/libc.a(lib_a-isattyr.o)
 .comment       0x00000000       0x2c /usr/lib/gcc/arm-none-eabi/4.8/../../../arm-none-eabi/lib/armv7-ar/thumb/libc.a(lib_a-isattyr.o)
 .ARM.attributes
                0x00000000       0x29 /usr/lib/gcc/arm-none-eabi/4.8/../../../arm-none-eabi/lib/armv7-ar/thumb/libc.a(lib_a-isattyr.o)
 .debug_frame   0x00000000       0x2c /usr/lib/gcc/arm-none-eabi/4.8/../../../arm-none-eabi/lib/armv7-ar/thumb/libc.a(lib_a-isattyr.o)
 .text          0x00000000        0x0 /usr/lib/gcc/arm-none-eabi/4.8/../../../arm-none-eabi/lib/armv7-ar/thumb/libc.a(lib_a-lseekr.o)
 .data          0x00000000        0x0 /usr/lib/gcc/arm-none-eabi/4.8/../../../arm-none-eabi/lib/armv7-ar/thumb/libc.a(lib_a-lseekr.o)
 .bss           0x00000000        0x0 /usr/lib/gcc/arm-none-eabi/4.8/../../../arm-none-eabi/lib/armv7-ar/thumb/libc.a(lib_a-lseekr.o)
 .text._lseek_r
                0x00000000       0x2c /usr/lib/gcc/arm-none-eabi/4.8/../../../arm-none-eabi/lib/armv7-ar/thumb/libc.a(lib_a-lseekr.o)
 .debug_info    0x00000000      0x90c /usr/lib/gcc/arm-none-eabi/4.8/../../../arm-none-eabi/lib/armv7-ar/thumb/libc.a(lib_a-lseekr.o)
 .debug_abbrev  0x00000000      0x1fe /usr/lib/gcc/arm-none-eabi/4.8/../../../arm-none-eabi/lib/armv7-ar/thumb/libc.a(lib_a-lseekr.o)
 .debug_loc     0x00000000       0xa2 /usr/lib/gcc/arm-none-eabi/4.8/../../../arm-none-eabi/lib/armv7-ar/thumb/libc.a(lib_a-lseekr.o)
 .debug_aranges
                0x00000000       0x20 /usr/lib/gcc/arm-none-eabi/4.8/../../../arm-none-eabi/lib/armv7-ar/thumb/libc.a(lib_a-lseekr.o)
 .debug_ranges  0x00000000       0x10 /usr/lib/gcc/arm-none-eabi/4.8/../../../arm-none-eabi/lib/armv7-ar/thumb/libc.a(lib_a-lseekr.o)
 .debug_line    0x00000000      0x16f /usr/lib/gcc/arm-none-eabi/4.8/../../../arm-none-eabi/lib/armv7-ar/thumb/libc.a(lib_a-lseekr.o)
 .debug_str     0x00000000      0x587 /usr/lib/gcc/arm-none-eabi/4.8/../../../arm-none-eabi/lib/armv7-ar/thumb/libc.a(lib_a-lseekr.o)
 .comment       0x00000000       0x2c /usr/lib/gcc/arm-none-eabi/4.8/../../../arm-none-eabi/lib/armv7-ar/thumb/libc.a(lib_a-lseekr.o)
 .ARM.attributes
                0x00000000       0x29 /usr/lib/gcc/arm-none-eabi/4.8/../../../arm-none-eabi/lib/armv7-ar/thumb/libc.a(lib_a-lseekr.o)
 .debug_frame   0x00000000       0x2c /usr/lib/gcc/arm-none-eabi/4.8/../../../arm-none-eabi/lib/armv7-ar/thumb/libc.a(lib_a-lseekr.o)
 .text          0x00000000        0x0 /usr/lib/gcc/arm-none-eabi/4.8/../../../arm-none-eabi/lib/armv7-ar/thumb/libc.a(lib_a-readr.o)
 .data          0x00000000        0x0 /usr/lib/gcc/arm-none-eabi/4.8/../../../arm-none-eabi/lib/armv7-ar/thumb/libc.a(lib_a-readr.o)
 .bss           0x00000000        0x0 /usr/lib/gcc/arm-none-eabi/4.8/../../../arm-none-eabi/lib/armv7-ar/thumb/libc.a(lib_a-readr.o)
 .text._read_r  0x00000000       0x2c /usr/lib/gcc/arm-none-eabi/4.8/../../../arm-none-eabi/lib/armv7-ar/thumb/libc.a(lib_a-readr.o)
 .debug_info    0x00000000      0x922 /usr/lib/gcc/arm-none-eabi/4.8/../../../arm-none-eabi/lib/armv7-ar/thumb/libc.a(lib_a-readr.o)
 .debug_abbrev  0x00000000      0x1ef /usr/lib/gcc/arm-none-eabi/4.8/../../../arm-none-eabi/lib/armv7-ar/thumb/libc.a(lib_a-readr.o)
 .debug_loc     0x00000000       0xa2 /usr/lib/gcc/arm-none-eabi/4.8/../../../arm-none-eabi/lib/armv7-ar/thumb/libc.a(lib_a-readr.o)
 .debug_aranges
                0x00000000       0x20 /usr/lib/gcc/arm-none-eabi/4.8/../../../arm-none-eabi/lib/armv7-ar/thumb/libc.a(lib_a-readr.o)
 .debug_ranges  0x00000000       0x10 /usr/lib/gcc/arm-none-eabi/4.8/../../../arm-none-eabi/lib/armv7-ar/thumb/libc.a(lib_a-readr.o)
 .debug_line    0x00000000      0x16e /usr/lib/gcc/arm-none-eabi/4.8/../../../arm-none-eabi/lib/armv7-ar/thumb/libc.a(lib_a-readr.o)
 .debug_str     0x00000000      0x587 /usr/lib/gcc/arm-none-eabi/4.8/../../../arm-none-eabi/lib/armv7-ar/thumb/libc.a(lib_a-readr.o)
 .comment       0x00000000       0x2c /usr/lib/gcc/arm-none-eabi/4.8/../../../arm-none-eabi/lib/armv7-ar/thumb/libc.a(lib_a-readr.o)
 .ARM.attributes
                0x00000000       0x29 /usr/lib/gcc/arm-none-eabi/4.8/../../../arm-none-eabi/lib/armv7-ar/thumb/libc.a(lib_a-readr.o)
 .debug_frame   0x00000000       0x2c /usr/lib/gcc/arm-none-eabi/4.8/../../../arm-none-eabi/lib/armv7-ar/thumb/libc.a(lib_a-readr.o)
 .text          0x00000000      0x2b0 /usr/lib/gcc/arm-none-eabi/4.8/armv7-ar/thumb/libgcc.a(_divsi3.o)
 .data          0x00000000        0x0 /usr/lib/gcc/arm-none-eabi/4.8/armv7-ar/thumb/libgcc.a(_divsi3.o)
 .bss           0x00000000        0x0 /usr/lib/gcc/arm-none-eabi/4.8/armv7-ar/thumb/libgcc.a(_divsi3.o)
 .debug_frame   0x00000000       0x20 /usr/lib/gcc/arm-none-eabi/4.8/armv7-ar/thumb/libgcc.a(_divsi3.o)
 .ARM.attributes
                0x00000000       0x19 /usr/lib/gcc/arm-none-eabi/4.8/armv7-ar/thumb/libgcc.a(_divsi3.o)
 .debug_line    0x00000000       0x9b /usr/lib/gcc/arm-none-eabi/4.8/armv7-ar/thumb/libgcc.a(_divsi3.o)
 .debug_info    0x00000000       0xbf /usr/lib/gcc/arm-none-eabi/4.8/armv7-ar/thumb/libgcc.a(_divsi3.o)
 .debug_abbrev  0x00000000       0x14 /usr/lib/gcc/arm-none-eabi/4.8/armv7-ar/thumb/libgcc.a(_divsi3.o)
 .debug_aranges
                0x00000000       0x20 /usr/lib/gcc/arm-none-eabi/4.8/armv7-ar/thumb/libgcc.a(_divsi3.o)
 .text          0x00000000        0x4 /usr/lib/gcc/arm-none-eabi/4.8/armv7-ar/thumb/libgcc.a(_dvmd_tls.o)
 .data          0x00000000        0x0 /usr/lib/gcc/arm-none-eabi/4.8/armv7-ar/thumb/libgcc.a(_dvmd_tls.o)
 .bss           0x00000000        0x0 /usr/lib/gcc/arm-none-eabi/4.8/armv7-ar/thumb/libgcc.a(_dvmd_tls.o)
 .ARM.attributes
                0x00000000       0x19 /usr/lib/gcc/arm-none-eabi/4.8/armv7-ar/thumb/libgcc.a(_dvmd_tls.o)
 .debug_line    0x00000000       0x67 /usr/lib/gcc/arm-none-eabi/4.8/armv7-ar/thumb/libgcc.a(_dvmd_tls.o)
 .debug_info    0x00000000       0xbf /usr/lib/gcc/arm-none-eabi/4.8/armv7-ar/thumb/libgcc.a(_dvmd_tls.o)
 .debug_abbrev  0x00000000       0x14 /usr/lib/gcc/arm-none-eabi/4.8/armv7-ar/thumb/libgcc.a(_dvmd_tls.o)
 .debug_aranges
                0x00000000       0x20 /usr/lib/gcc/arm-none-eabi/4.8/armv7-ar/thumb/libgcc.a(_dvmd_tls.o)

Memory Configuration

Name             Origin             Length             Attributes
*default*        0x00000000         0xffffffff

Linker script and memory map

LOAD app/main.o
LOAD build/mod1/src/mod1.o
LOAD build/mod2/src/mod2.o
START GROUP
LOAD /usr/lib/gcc/arm-none-eabi/4.8/armv7-ar/thumb/libgcc.a
LOAD /usr/lib/gcc/arm-none-eabi/4.8/../../../arm-none-eabi/lib/armv7-ar/thumb/libc.a
END GROUP
                0x60000000                . = 0x60000000
                0x60000000                __text_start = .

.text           0x60000000        0x0
 *(.vectors)
 *(.text)
 *(.text.*)
                0x60000000                . = ALIGN (0x4)
                0x60000000                __fsymtab_start = .
 *(FSymTab)
                0x60000000                __fsymtab_end = .
                0x60000000                . = ALIGN (0x4)
                0x60000000                __vsymtab_start = .
 *(VSymTab)
                0x60000000                __vsymtab_end = .
                0x60000000                . = ALIGN (0x4)
                0x60000000                . = ALIGN (0x4)
                0x60000000                __rtmsymtab_start = .
 *(RTMSymTab)
                0x60000000                __rtmsymtab_end = .
                0x60000000                . = ALIGN (0x4)
                0x60000000                __rt_init_start = .
 *(SORT(.rti_fn*))
                0x60000000                __rt_init_end = .
                0x60000000                __text_end = .
                0x60000000                __exidx_start = .

.glue_7         0x60000000        0x0
 .glue_7        0x60000000        0x0 linker stubs

.glue_7t        0x60000000        0x0
 .glue_7t       0x60000000        0x0 linker stubs

.vfp11_veneer   0x60000000        0x0
 .vfp11_veneer  0x60000000        0x0 linker stubs

.v4_bx          0x60000000        0x0
 .v4_bx         0x60000000        0x0 linker stubs

.iplt           0x60000000        0x0
 .iplt          0x60000000        0x0 app/main.o

.rel.dyn        0x60000000        0x0
 .rel.iplt      0x60000000        0x0 app/main.o

.ARM.exidx
 *(.ARM.exidx* .gnu.linkonce.armexidx.*)
                0x60000000                __exidx_end = .
                0x60000000                __rodata_start = .

.rodata
 *(.rodata)
 *(.rodata.*)
                0x60000000                __rodata_end = .
                0x60000000                . = ALIGN (0x4)

.ctors          0x60000000        0x0
                0x60000000                PROVIDE (__ctors_start__, .)
 *(SORT(.ctors.*))
 *(.ctors)
                0x60000000                PROVIDE (__ctors_end__, .)

.dtors          0x60000000        0x0
                0x60000000                PROVIDE (__dtors_start__, .)
 *(SORT(.dtors.*))
 *(.dtors)
                0x60000000                PROVIDE (__dtors_end__, .)
                0x60000000                __data_start = .
                0x60000000                . = ALIGN (0x4)

.data
 *(.data)
 *(.data.*)
                0x60000000                __data_end = .

.igot.plt       0x60000000        0x0
 .igot.plt      0x60000000        0x0 app/main.o
                0x60000000                . = ALIGN (0x4)
                0x60000000                __bss_start = __data_end

.bss            0x60000000        0x0
 *(.bss)
 *(.bss.*)
 *(COMMON)
                0x60000000                . = ALIGN (0x4)
                0x60000000                . = ALIGN (0x4)
                0x60000000                __bss_end = .

.stab
 *(.stab)

.stabstr
 *(.stabstr)

.stab.excl
 *(.stab.excl)

.stab.exclstr
 *(.stab.exclstr)

.stab.index
 *(.stab.index)

.stab.indexstr
 *(.stab.indexstr)

.comment
 *(.comment)
                0x60000000                _end = .
OUTPUT(aaa elf32-littlearm)

Cross Reference Table

Symbol                                            File
__aeabi_idiv                                      /usr/lib/gcc/arm-none-eabi/4.8/armv7-ar/thumb/libgcc.a(_divsi3.o)
                                                  /usr/lib/gcc/arm-none-eabi/4.8/../../../arm-none-eabi/lib/armv7-ar/thumb/libc.a(lib_a-fvwrite.o)
__aeabi_idiv0                                     /usr/lib/gcc/arm-none-eabi/4.8/armv7-ar/thumb/libgcc.a(_dvmd_tls.o)
                                                  /usr/lib/gcc/arm-none-eabi/4.8/armv7-ar/thumb/libgcc.a(_divsi3.o)
__aeabi_idivmod                                   /usr/lib/gcc/arm-none-eabi/4.8/armv7-ar/thumb/libgcc.a(_divsi3.o)
__aeabi_ldiv0                                     /usr/lib/gcc/arm-none-eabi/4.8/armv7-ar/thumb/libgcc.a(_dvmd_tls.o)
__divsi3                                          /usr/lib/gcc/arm-none-eabi/4.8/armv7-ar/thumb/libgcc.a(_divsi3.o)
__fp_lock_all                                     /usr/lib/gcc/arm-none-eabi/4.8/../../../arm-none-eabi/lib/armv7-ar/thumb/libc.a(lib_a-findfp.o)
__fp_unlock_all                                   /usr/lib/gcc/arm-none-eabi/4.8/../../../arm-none-eabi/lib/armv7-ar/thumb/libc.a(lib_a-findfp.o)
__malloc_av_                                      /usr/lib/gcc/arm-none-eabi/4.8/../../../arm-none-eabi/lib/armv7-ar/thumb/libc.a(lib_a-mallocr.o)
                                                  /usr/lib/gcc/arm-none-eabi/4.8/../../../arm-none-eabi/lib/armv7-ar/thumb/libc.a(lib_a-freer.o)
                                                  /usr/lib/gcc/arm-none-eabi/4.8/../../../arm-none-eabi/lib/armv7-ar/thumb/libc.a(lib_a-reallocr.o)
__malloc_current_mallinfo                         /usr/lib/gcc/arm-none-eabi/4.8/../../../arm-none-eabi/lib/armv7-ar/thumb/libc.a(lib_a-mallocr.o)
                                                  /usr/lib/gcc/arm-none-eabi/4.8/../../../arm-none-eabi/lib/armv7-ar/thumb/libc.a(lib_a-freer.o)
__malloc_lock                                     /usr/lib/gcc/arm-none-eabi/4.8/../../../arm-none-eabi/lib/armv7-ar/thumb/libc.a(lib_a-mlock.o)
                                                  /usr/lib/gcc/arm-none-eabi/4.8/../../../arm-none-eabi/lib/armv7-ar/thumb/libc.a(lib_a-freer.o)
                                                  /usr/lib/gcc/arm-none-eabi/4.8/../../../arm-none-eabi/lib/armv7-ar/thumb/libc.a(lib_a-reallocr.o)
                                                  /usr/lib/gcc/arm-none-eabi/4.8/../../../arm-none-eabi/lib/armv7-ar/thumb/libc.a(lib_a-mallocr.o)
__malloc_max_sbrked_mem                           /usr/lib/gcc/arm-none-eabi/4.8/../../../arm-none-eabi/lib/armv7-ar/thumb/libc.a(lib_a-mallocr.o)
__malloc_max_total_mem                            /usr/lib/gcc/arm-none-eabi/4.8/../../../arm-none-eabi/lib/armv7-ar/thumb/libc.a(lib_a-mallocr.o)
__malloc_sbrk_base                                /usr/lib/gcc/arm-none-eabi/4.8/../../../arm-none-eabi/lib/armv7-ar/thumb/libc.a(lib_a-mallocr.o)
                                                  /usr/lib/gcc/arm-none-eabi/4.8/../../../arm-none-eabi/lib/armv7-ar/thumb/libc.a(lib_a-freer.o)
__malloc_top_pad                                  /usr/lib/gcc/arm-none-eabi/4.8/../../../arm-none-eabi/lib/armv7-ar/thumb/libc.a(lib_a-mallocr.o)
                                                  /usr/lib/gcc/arm-none-eabi/4.8/../../../arm-none-eabi/lib/armv7-ar/thumb/libc.a(lib_a-freer.o)
__malloc_trim_threshold                           /usr/lib/gcc/arm-none-eabi/4.8/../../../arm-none-eabi/lib/armv7-ar/thumb/libc.a(lib_a-mallocr.o)
                                                  /usr/lib/gcc/arm-none-eabi/4.8/../../../arm-none-eabi/lib/armv7-ar/thumb/libc.a(lib_a-freer.o)
__malloc_unlock                                   /usr/lib/gcc/arm-none-eabi/4.8/../../../arm-none-eabi/lib/armv7-ar/thumb/libc.a(lib_a-mlock.o)
                                                  /usr/lib/gcc/arm-none-eabi/4.8/../../../arm-none-eabi/lib/armv7-ar/thumb/libc.a(lib_a-freer.o)
                                                  /usr/lib/gcc/arm-none-eabi/4.8/../../../arm-none-eabi/lib/armv7-ar/thumb/libc.a(lib_a-reallocr.o)
                                                  /usr/lib/gcc/arm-none-eabi/4.8/../../../arm-none-eabi/lib/armv7-ar/thumb/libc.a(lib_a-mallocr.o)
__sclose                                          /usr/lib/gcc/arm-none-eabi/4.8/../../../arm-none-eabi/lib/armv7-ar/thumb/libc.a(lib_a-stdio.o)
                                                  /usr/lib/gcc/arm-none-eabi/4.8/../../../arm-none-eabi/lib/armv7-ar/thumb/libc.a(lib_a-findfp.o)
__seofread                                        /usr/lib/gcc/arm-none-eabi/4.8/../../../arm-none-eabi/lib/armv7-ar/thumb/libc.a(lib_a-stdio.o)
__sflush_r                                        /usr/lib/gcc/arm-none-eabi/4.8/../../../arm-none-eabi/lib/armv7-ar/thumb/libc.a(lib_a-fflush.o)
                                                  /usr/lib/gcc/arm-none-eabi/4.8/../../../arm-none-eabi/lib/armv7-ar/thumb/libc.a(lib_a-fclose.o)
__sfmoreglue                                      /usr/lib/gcc/arm-none-eabi/4.8/../../../arm-none-eabi/lib/armv7-ar/thumb/libc.a(lib_a-findfp.o)
__sfp                                             /usr/lib/gcc/arm-none-eabi/4.8/../../../arm-none-eabi/lib/armv7-ar/thumb/libc.a(lib_a-findfp.o)
__sfp_lock_acquire                                /usr/lib/gcc/arm-none-eabi/4.8/../../../arm-none-eabi/lib/armv7-ar/thumb/libc.a(lib_a-findfp.o)
                                                  /usr/lib/gcc/arm-none-eabi/4.8/../../../arm-none-eabi/lib/armv7-ar/thumb/libc.a(lib_a-fclose.o)
__sfp_lock_release                                /usr/lib/gcc/arm-none-eabi/4.8/../../../arm-none-eabi/lib/armv7-ar/thumb/libc.a(lib_a-findfp.o)
                                                  /usr/lib/gcc/arm-none-eabi/4.8/../../../arm-none-eabi/lib/armv7-ar/thumb/libc.a(lib_a-fclose.o)
__sfvwrite_r                                      /usr/lib/gcc/arm-none-eabi/4.8/../../../arm-none-eabi/lib/armv7-ar/thumb/libc.a(lib_a-fvwrite.o)
                                                  /usr/lib/gcc/arm-none-eabi/4.8/../../../arm-none-eabi/lib/armv7-ar/thumb/libc.a(lib_a-puts.o)
__sinit                                           /usr/lib/gcc/arm-none-eabi/4.8/../../../arm-none-eabi/lib/armv7-ar/thumb/libc.a(lib_a-findfp.o)
                                                  /usr/lib/gcc/arm-none-eabi/4.8/../../../arm-none-eabi/lib/armv7-ar/thumb/libc.a(lib_a-fclose.o)
                                                  /usr/lib/gcc/arm-none-eabi/4.8/../../../arm-none-eabi/lib/armv7-ar/thumb/libc.a(lib_a-fflush.o)
                                                  /usr/lib/gcc/arm-none-eabi/4.8/../../../arm-none-eabi/lib/armv7-ar/thumb/libc.a(lib_a-wsetup.o)
__sinit_lock_acquire                              /usr/lib/gcc/arm-none-eabi/4.8/../../../arm-none-eabi/lib/armv7-ar/thumb/libc.a(lib_a-findfp.o)
__sinit_lock_release                              /usr/lib/gcc/arm-none-eabi/4.8/../../../arm-none-eabi/lib/armv7-ar/thumb/libc.a(lib_a-findfp.o)
__smakebuf_r                                      /usr/lib/gcc/arm-none-eabi/4.8/../../../arm-none-eabi/lib/armv7-ar/thumb/libc.a(lib_a-makebuf.o)
                                                  /usr/lib/gcc/arm-none-eabi/4.8/../../../arm-none-eabi/lib/armv7-ar/thumb/libc.a(lib_a-wsetup.o)
__sread                                           /usr/lib/gcc/arm-none-eabi/4.8/../../../arm-none-eabi/lib/armv7-ar/thumb/libc.a(lib_a-stdio.o)
                                                  /usr/lib/gcc/arm-none-eabi/4.8/../../../arm-none-eabi/lib/armv7-ar/thumb/libc.a(lib_a-findfp.o)
__sseek                                           /usr/lib/gcc/arm-none-eabi/4.8/../../../arm-none-eabi/lib/armv7-ar/thumb/libc.a(lib_a-stdio.o)
                                                  /usr/lib/gcc/arm-none-eabi/4.8/../../../arm-none-eabi/lib/armv7-ar/thumb/libc.a(lib_a-makebuf.o)
                                                  /usr/lib/gcc/arm-none-eabi/4.8/../../../arm-none-eabi/lib/armv7-ar/thumb/libc.a(lib_a-findfp.o)
__swrite                                          /usr/lib/gcc/arm-none-eabi/4.8/../../../arm-none-eabi/lib/armv7-ar/thumb/libc.a(lib_a-stdio.o)
                                                  /usr/lib/gcc/arm-none-eabi/4.8/../../../arm-none-eabi/lib/armv7-ar/thumb/libc.a(lib_a-findfp.o)
__swsetup_r                                       /usr/lib/gcc/arm-none-eabi/4.8/../../../arm-none-eabi/lib/armv7-ar/thumb/libc.a(lib_a-wsetup.o)
                                                  /usr/lib/gcc/arm-none-eabi/4.8/../../../arm-none-eabi/lib/armv7-ar/thumb/libc.a(lib_a-fvwrite.o)
_cleanup                                          /usr/lib/gcc/arm-none-eabi/4.8/../../../arm-none-eabi/lib/armv7-ar/thumb/libc.a(lib_a-findfp.o)
_cleanup_r                                        /usr/lib/gcc/arm-none-eabi/4.8/../../../arm-none-eabi/lib/armv7-ar/thumb/libc.a(lib_a-findfp.o)
                                                  /usr/lib/gcc/arm-none-eabi/4.8/../../../arm-none-eabi/lib/armv7-ar/thumb/libc.a(lib_a-makebuf.o)
_close                                            /usr/lib/gcc/arm-none-eabi/4.8/../../../arm-none-eabi/lib/armv7-ar/thumb/libc.a(lib_a-closer.o)
_close_r                                          /usr/lib/gcc/arm-none-eabi/4.8/../../../arm-none-eabi/lib/armv7-ar/thumb/libc.a(lib_a-closer.o)
                                                  /usr/lib/gcc/arm-none-eabi/4.8/../../../arm-none-eabi/lib/armv7-ar/thumb/libc.a(lib_a-stdio.o)
_fclose_r                                         /usr/lib/gcc/arm-none-eabi/4.8/../../../arm-none-eabi/lib/armv7-ar/thumb/libc.a(lib_a-fclose.o)
                                                  /usr/lib/gcc/arm-none-eabi/4.8/../../../arm-none-eabi/lib/armv7-ar/thumb/libc.a(lib_a-findfp.o)
_fflush_r                                         /usr/lib/gcc/arm-none-eabi/4.8/../../../arm-none-eabi/lib/armv7-ar/thumb/libc.a(lib_a-fflush.o)
                                                  /usr/lib/gcc/arm-none-eabi/4.8/../../../arm-none-eabi/lib/armv7-ar/thumb/libc.a(lib_a-fvwrite.o)
_free_r                                           /usr/lib/gcc/arm-none-eabi/4.8/../../../arm-none-eabi/lib/armv7-ar/thumb/libc.a(lib_a-freer.o)
                                                  /usr/lib/gcc/arm-none-eabi/4.8/../../../arm-none-eabi/lib/armv7-ar/thumb/libc.a(lib_a-fclose.o)
                                                  /usr/lib/gcc/arm-none-eabi/4.8/../../../arm-none-eabi/lib/armv7-ar/thumb/libc.a(lib_a-reent.o)
                                                  /usr/lib/gcc/arm-none-eabi/4.8/../../../arm-none-eabi/lib/armv7-ar/thumb/libc.a(lib_a-fflush.o)
                                                  /usr/lib/gcc/arm-none-eabi/4.8/../../../arm-none-eabi/lib/armv7-ar/thumb/libc.a(lib_a-wsetup.o)
                                                  /usr/lib/gcc/arm-none-eabi/4.8/../../../arm-none-eabi/lib/armv7-ar/thumb/libc.a(lib_a-reallocr.o)
                                                  /usr/lib/gcc/arm-none-eabi/4.8/../../../arm-none-eabi/lib/armv7-ar/thumb/libc.a(lib_a-mallocr.o)
                                                  /usr/lib/gcc/arm-none-eabi/4.8/../../../arm-none-eabi/lib/armv7-ar/thumb/libc.a(lib_a-fvwrite.o)
_fstat                                            /usr/lib/gcc/arm-none-eabi/4.8/../../../arm-none-eabi/lib/armv7-ar/thumb/libc.a(lib_a-fstatr.o)
_fstat_r                                          /usr/lib/gcc/arm-none-eabi/4.8/../../../arm-none-eabi/lib/armv7-ar/thumb/libc.a(lib_a-fstatr.o)
                                                  /usr/lib/gcc/arm-none-eabi/4.8/../../../arm-none-eabi/lib/armv7-ar/thumb/libc.a(lib_a-makebuf.o)
_fwalk                                            /usr/lib/gcc/arm-none-eabi/4.8/../../../arm-none-eabi/lib/armv7-ar/thumb/libc.a(lib_a-fwalk.o)
                                                  /usr/lib/gcc/arm-none-eabi/4.8/../../../arm-none-eabi/lib/armv7-ar/thumb/libc.a(lib_a-findfp.o)
_fwalk_reent                                      /usr/lib/gcc/arm-none-eabi/4.8/../../../arm-none-eabi/lib/armv7-ar/thumb/libc.a(lib_a-fwalk.o)
                                                  /usr/lib/gcc/arm-none-eabi/4.8/../../../arm-none-eabi/lib/armv7-ar/thumb/libc.a(lib_a-findfp.o)
                                                  /usr/lib/gcc/arm-none-eabi/4.8/../../../arm-none-eabi/lib/armv7-ar/thumb/libc.a(lib_a-fflush.o)
_global_impure_ptr                                /usr/lib/gcc/arm-none-eabi/4.8/../../../arm-none-eabi/lib/armv7-ar/thumb/libc.a(lib_a-impure.o)
                                                  /usr/lib/gcc/arm-none-eabi/4.8/../../../arm-none-eabi/lib/armv7-ar/thumb/libc.a(lib_a-findfp.o)
                                                  /usr/lib/gcc/arm-none-eabi/4.8/../../../arm-none-eabi/lib/armv7-ar/thumb/libc.a(lib_a-fflush.o)
_impure_ptr                                       /usr/lib/gcc/arm-none-eabi/4.8/../../../arm-none-eabi/lib/armv7-ar/thumb/libc.a(lib_a-impure.o)
                                                  /usr/lib/gcc/arm-none-eabi/4.8/../../../arm-none-eabi/lib/armv7-ar/thumb/libc.a(lib_a-fclose.o)
                                                  /usr/lib/gcc/arm-none-eabi/4.8/../../../arm-none-eabi/lib/armv7-ar/thumb/libc.a(lib_a-reent.o)
                                                  /usr/lib/gcc/arm-none-eabi/4.8/../../../arm-none-eabi/lib/armv7-ar/thumb/libc.a(lib_a-findfp.o)
                                                  /usr/lib/gcc/arm-none-eabi/4.8/../../../arm-none-eabi/lib/armv7-ar/thumb/libc.a(lib_a-fflush.o)
                                                  /usr/lib/gcc/arm-none-eabi/4.8/../../../arm-none-eabi/lib/armv7-ar/thumb/libc.a(lib_a-wsetup.o)
                                                  /usr/lib/gcc/arm-none-eabi/4.8/../../../arm-none-eabi/lib/armv7-ar/thumb/libc.a(lib_a-puts.o)
_isatty                                           /usr/lib/gcc/arm-none-eabi/4.8/../../../arm-none-eabi/lib/armv7-ar/thumb/libc.a(lib_a-isattyr.o)
_isatty_r                                         /usr/lib/gcc/arm-none-eabi/4.8/../../../arm-none-eabi/lib/armv7-ar/thumb/libc.a(lib_a-isattyr.o)
                                                  /usr/lib/gcc/arm-none-eabi/4.8/../../../arm-none-eabi/lib/armv7-ar/thumb/libc.a(lib_a-makebuf.o)
_lseek                                            /usr/lib/gcc/arm-none-eabi/4.8/../../../arm-none-eabi/lib/armv7-ar/thumb/libc.a(lib_a-lseekr.o)
_lseek_r                                          /usr/lib/gcc/arm-none-eabi/4.8/../../../arm-none-eabi/lib/armv7-ar/thumb/libc.a(lib_a-lseekr.o)
                                                  /usr/lib/gcc/arm-none-eabi/4.8/../../../arm-none-eabi/lib/armv7-ar/thumb/libc.a(lib_a-stdio.o)
_malloc_r                                         /usr/lib/gcc/arm-none-eabi/4.8/../../../arm-none-eabi/lib/armv7-ar/thumb/libc.a(lib_a-mallocr.o)
                                                  /usr/lib/gcc/arm-none-eabi/4.8/../../../arm-none-eabi/lib/armv7-ar/thumb/libc.a(lib_a-makebuf.o)
                                                  /usr/lib/gcc/arm-none-eabi/4.8/../../../arm-none-eabi/lib/armv7-ar/thumb/libc.a(lib_a-findfp.o)
                                                  /usr/lib/gcc/arm-none-eabi/4.8/../../../arm-none-eabi/lib/armv7-ar/thumb/libc.a(lib_a-reallocr.o)
                                                  /usr/lib/gcc/arm-none-eabi/4.8/../../../arm-none-eabi/lib/armv7-ar/thumb/libc.a(lib_a-fvwrite.o)
_malloc_trim_r                                    /usr/lib/gcc/arm-none-eabi/4.8/../../../arm-none-eabi/lib/armv7-ar/thumb/libc.a(lib_a-freer.o)
_puts_r                                           /usr/lib/gcc/arm-none-eabi/4.8/../../../arm-none-eabi/lib/armv7-ar/thumb/libc.a(lib_a-puts.o)
_read                                             /usr/lib/gcc/arm-none-eabi/4.8/../../../arm-none-eabi/lib/armv7-ar/thumb/libc.a(lib_a-readr.o)
_read_r                                           /usr/lib/gcc/arm-none-eabi/4.8/../../../arm-none-eabi/lib/armv7-ar/thumb/libc.a(lib_a-readr.o)
                                                  /usr/lib/gcc/arm-none-eabi/4.8/../../../arm-none-eabi/lib/armv7-ar/thumb/libc.a(lib_a-stdio.o)
_realloc_r                                        /usr/lib/gcc/arm-none-eabi/4.8/../../../arm-none-eabi/lib/armv7-ar/thumb/libc.a(lib_a-reallocr.o)
                                                  /usr/lib/gcc/arm-none-eabi/4.8/../../../arm-none-eabi/lib/armv7-ar/thumb/libc.a(lib_a-fvwrite.o)
_reclaim_reent                                    /usr/lib/gcc/arm-none-eabi/4.8/../../../arm-none-eabi/lib/armv7-ar/thumb/libc.a(lib_a-reent.o)
_sbrk                                             /usr/lib/gcc/arm-none-eabi/4.8/../../../arm-none-eabi/lib/armv7-ar/thumb/libc.a(lib_a-sbrkr.o)
_sbrk_r                                           /usr/lib/gcc/arm-none-eabi/4.8/../../../arm-none-eabi/lib/armv7-ar/thumb/libc.a(lib_a-sbrkr.o)
                                                  /usr/lib/gcc/arm-none-eabi/4.8/../../../arm-none-eabi/lib/armv7-ar/thumb/libc.a(lib_a-freer.o)
                                                  /usr/lib/gcc/arm-none-eabi/4.8/../../../arm-none-eabi/lib/armv7-ar/thumb/libc.a(lib_a-mallocr.o)
_write                                            /usr/lib/gcc/arm-none-eabi/4.8/../../../arm-none-eabi/lib/armv7-ar/thumb/libc.a(lib_a-writer.o)
_write_r                                          /usr/lib/gcc/arm-none-eabi/4.8/../../../arm-none-eabi/lib/armv7-ar/thumb/libc.a(lib_a-writer.o)
                                                  /usr/lib/gcc/arm-none-eabi/4.8/../../../arm-none-eabi/lib/armv7-ar/thumb/libc.a(lib_a-stdio.o)
cleanup_glue                                      /usr/lib/gcc/arm-none-eabi/4.8/../../../arm-none-eabi/lib/armv7-ar/thumb/libc.a(lib_a-reent.o)
errno                                             /usr/lib/gcc/arm-none-eabi/4.8/../../../arm-none-eabi/lib/armv7-ar/thumb/libc.a(lib_a-reent.o)
                                                  /usr/lib/gcc/arm-none-eabi/4.8/../../../arm-none-eabi/lib/armv7-ar/thumb/libc.a(lib_a-readr.o)
                                                  /usr/lib/gcc/arm-none-eabi/4.8/../../../arm-none-eabi/lib/armv7-ar/thumb/libc.a(lib_a-lseekr.o)
                                                  /usr/lib/gcc/arm-none-eabi/4.8/../../../arm-none-eabi/lib/armv7-ar/thumb/libc.a(lib_a-isattyr.o)
                                                  /usr/lib/gcc/arm-none-eabi/4.8/../../../arm-none-eabi/lib/armv7-ar/thumb/libc.a(lib_a-fstatr.o)
                                                  /usr/lib/gcc/arm-none-eabi/4.8/../../../arm-none-eabi/lib/armv7-ar/thumb/libc.a(lib_a-closer.o)
                                                  /usr/lib/gcc/arm-none-eabi/4.8/../../../arm-none-eabi/lib/armv7-ar/thumb/libc.a(lib_a-writer.o)
                                                  /usr/lib/gcc/arm-none-eabi/4.8/../../../arm-none-eabi/lib/armv7-ar/thumb/libc.a(lib_a-sbrkr.o)
fclose                                            /usr/lib/gcc/arm-none-eabi/4.8/../../../arm-none-eabi/lib/armv7-ar/thumb/libc.a(lib_a-fclose.o)
fflush                                            /usr/lib/gcc/arm-none-eabi/4.8/../../../arm-none-eabi/lib/armv7-ar/thumb/libc.a(lib_a-fflush.o)
func1                                             build/mod1/src/mod1.o
                                                  app/main.o
func2                                             build/mod2/src/mod2.o
                                                  app/main.o
main                                              app/main.o
memchr                                            /usr/lib/gcc/arm-none-eabi/4.8/../../../arm-none-eabi/lib/armv7-ar/thumb/libc.a(lib_a-memchr-stub.o)
                                                  /usr/lib/gcc/arm-none-eabi/4.8/../../../arm-none-eabi/lib/armv7-ar/thumb/libc.a(lib_a-fvwrite.o)
memcpy                                            /usr/lib/gcc/arm-none-eabi/4.8/../../../arm-none-eabi/lib/armv7-ar/thumb/libc.a(lib_a-memcpy-stub.o)
                                                  /usr/lib/gcc/arm-none-eabi/4.8/../../../arm-none-eabi/lib/armv7-ar/thumb/libc.a(lib_a-fvwrite.o)
memmove                                           /usr/lib/gcc/arm-none-eabi/4.8/../../../arm-none-eabi/lib/armv7-ar/thumb/libc.a(lib_a-memmove.o)
                                                  /usr/lib/gcc/arm-none-eabi/4.8/../../../arm-none-eabi/lib/armv7-ar/thumb/libc.a(lib_a-reallocr.o)
                                                  /usr/lib/gcc/arm-none-eabi/4.8/../../../arm-none-eabi/lib/armv7-ar/thumb/libc.a(lib_a-fvwrite.o)
memset                                            /usr/lib/gcc/arm-none-eabi/4.8/../../../arm-none-eabi/lib/armv7-ar/thumb/libc.a(lib_a-memset.o)
                                                  /usr/lib/gcc/arm-none-eabi/4.8/../../../arm-none-eabi/lib/armv7-ar/thumb/libc.a(lib_a-findfp.o)
print                                             build/mod2/src/mod2.o
                                                  build/mod1/src/mod1.o
puts                                              /usr/lib/gcc/arm-none-eabi/4.8/../../../arm-none-eabi/lib/armv7-ar/thumb/libc.a(lib_a-puts.o)
                                                  app/main.o
strlen                                            /usr/lib/gcc/arm-none-eabi/4.8/../../../arm-none-eabi/lib/armv7-ar/thumb/libc.a(lib_a-strlen.o)
                                                  /usr/lib/gcc/arm-none-eabi/4.8/../../../arm-none-eabi/lib/armv7-ar/thumb/libc.a(lib_a-puts.o)
